mc_tasks.c:88:13:MCboot	16	static
mc_tasks.c:225:13:TSK_SetChargeBootCapDelayM1	0	static
mc_tasks.c:236:13:TSK_ChargeBootCapDelayHasElapsedM1	0	static
mc_tasks.c:252:13:TSK_SetStopPermanencyTimeM1	0	static
mc_tasks.c:263:13:TSK_StopPermanencyTimeHasElapsedM1	0	static
mc_tasks.c:289:16:TSK_HighFrequencyTask	8	static
mc_tasks.c:336:13:TSK_SafetyTask_PWMOFF	16	static
mc_tasks.c:311:13:TSK_SafetyTask	8	static
mc_tasks.c:161:13:MC_RunMotorControlTasks	16	static
mc_tasks.c:402:13:TSK_HardwareFaultTask	8	static
mc_tasks.c:415:13:UI_HandleStartStopButton_cb	8	static
mc_tasks.c:433:13:mc_lock_pins	72	static
