MotorCmds.c:192:6:CmdProc_Direction	24	static
MotorCmds.c:255:6:CmdProc_SetZero	16	static
MotorCmds.c:161:6:CmdProc_Speed	24	static
MotorCmds.c:263:6:CmdProc_RTZ	16	static
MotorCmds.c:122:6:CmdProc_Init	16	static
MotorCmds.c:220:6:CmdProc_ResetParams	16	static
MotorCmds.c:228:6:CmdProc_Start	16	static
MotorCmds.c:236:6:CmdProc_Stop	16	static
MotorCmds.c:247:6:CmdProc_Run	16	static
MotorCmds.c:130:6:CmdProc_Distance	24	static
MotorCmds.c:29:9:checkCRC	12	static
MotorCmds.c:60:9:Check_DevAddr	0	static
MotorCmds.c:285:13:Cmd_Process	24	static
MotorCmds.c:313:6:Send_ErrorMsg	8	static
