MotorParams.c:23:6:Motor_Init	8	static
MotorParams.c:29:6:Motor_SetDistance	0	static
MotorParams.c:35:7:Motor_GetDistance	0	static
MotorParams.c:41:6:Motor_SetSpeed	0	static
MotorParams.c:47:7:Motor_GetSpeed	0	static
MotorParams.c:53:6:Motor_SetDirection	0	static
MotorParams.c:62:6:Motor_GetDirection	0	static
MotorParams.c:68:6:Motor_SetZeroPos	0	static
MotorParams.c:74:7:Motor_GetZeroPos	0	static
MotorParams.c:80:6:Motor_ResetParams	8	static
MotorParams.c:93:6:Motor_ResetDriveParams	0	static
MotorParams.c:100:6:Motor_Start	8	static
MotorParams.c:110:6:Motor_Stop	8	static
MotorParams.c:122:6:Motor_Run	40	static
MotorParams.c:143:6:Motor_SetZero	0	static
MotorParams.c:149:6:Motor_RTZ	48	static
MotorParams.c:173:15:Motor_GetRunTick	0	static
MotorParams.c:178:6:Motor_SetRunTick	0	static
