stm32g4xx_hal_msp.c:66:6:HAL_MspInit	16	static
stm32g4xx_hal_msp.c:95:6:HAL_ADC_MspInit	136	static
stm32g4xx_hal_msp.c:150:6:HAL_ADC_MspDeInit	8	static
stm32g4xx_hal_msp.c:186:6:HAL_CORDIC_MspInit	8	static
stm32g4xx_hal_msp.c:209:6:HAL_CORDIC_MspDeInit	0	static
stm32g4xx_hal_msp.c:231:6:HAL_TIM_PWM_MspInit	48	static
stm32g4xx_hal_msp.c:267:6:HAL_TIM_Encoder_MspInit	48	static
stm32g4xx_hal_msp.c:306:6:HAL_TIM_MspPostInit	48	static
stm32g4xx_hal_msp.c:358:6:HAL_TIM_PWM_MspDeInit	8	static
stm32g4xx_hal_msp.c:398:6:HAL_TIM_Encoder_MspDeInit	8	static
stm32g4xx_hal_msp.c:431:6:HAL_UART_MspInit	128	static
stm32g4xx_hal_msp.c:479:6:HAL_UART_MspDeInit	0	static
