r3_1_g4xx_pwm_curr_fdbk.c:528:13:R3_1_GetPhaseCurrents	16	static
r3_1_g4xx_pwm_curr_fdbk.c:1046:10:R3_1_SetADCSampPointPolarization	4	static
r3_1_g4xx_pwm_curr_fdbk.c:1281:13:R3_1_HFCurrentsPolarizationAB	12	static
r3_1_g4xx_pwm_curr_fdbk.c:1334:13:R3_1_HFCurrentsPolarizationC	4	static
r3_1_g4xx_pwm_curr_fdbk.c:1436:13:R3_1_SwitchOnPWM	16	static
r3_1_g4xx_pwm_curr_fdbk.c:1500:13:R3_1_SwitchOffPWM	8	static
r3_1_g4xx_pwm_curr_fdbk.c:1881:13:R3_1_RLGetPhaseCurrents	8	static
r3_1_g4xx_pwm_curr_fdbk.c:1978:13:R3_1_RLSwitchOnPWM	20	static
r3_1_g4xx_pwm_curr_fdbk.c:1385:13:R3_1_TurnOnLowSides	12	static
r3_1_g4xx_pwm_curr_fdbk.c:1937:13:R3_1_RLTurnOnLowSides	12	static
r3_1_g4xx_pwm_curr_fdbk.c:71:13:R3_1_Init	104	static
r3_1_g4xx_pwm_curr_fdbk.c:372:13:R3_1_SetOffsetCalib	4	static
r3_1_g4xx_pwm_curr_fdbk.c:386:13:R3_1_GetOffsetCalib	4	static
r3_1_g4xx_pwm_curr_fdbk.c:400:13:R3_1_CurrentReadingPolarization	32	static
r3_1_g4xx_pwm_curr_fdbk.c:705:13:R3_1_GetPhaseCurrents_OVM	16	static
r3_1_g4xx_pwm_curr_fdbk.c:1074:10:R3_1_SetADCSampPointSectX	12	static
r3_1_g4xx_pwm_curr_fdbk.c:1157:10:R3_1_SetADCSampPointSectX_OVM	16	static
r3_1_g4xx_pwm_curr_fdbk.c:1561:14:R3_1_TIMx_UP_IRQHandler	16	static
r3_1_g4xx_pwm_curr_fdbk.c:1664:6:R3_1_RLDetectionModeEnable	8	static
r3_1_g4xx_pwm_curr_fdbk.c:1720:6:R3_1_RLDetectionModeDisable	12	static
r3_1_g4xx_pwm_curr_fdbk.c:1805:10:R3_1_RLDetectionModeSetDuty	12	static
r3_1_g4xx_pwm_curr_fdbk.c:2056:6:R3_1_RLTurnOnLowSidesAndStart	8	static
