trajectory_ctrl.c:67:6:TC_Init	4	static
trajectory_ctrl.c:115:6:TC_MoveCommand	0	static
trajectory_ctrl.c:195:6:TC_FollowCommand	0	static
trajectory_ctrl.c:260:6:TC_PositionRegulation	16	static
trajectory_ctrl.c:308:6:TC_MoveExecution	0	static
trajectory_ctrl.c:395:6:TC_EncAlignmentCommand	16	static
trajectory_ctrl.c:451:6:TC_EncoderReset	8	static
trajectory_ctrl.c:474:7:TC_GetCurrentPosition	8	static
trajectory_ctrl.c:485:7:TC_GetTargetPosition	0	static
trajectory_ctrl.c:495:7:TC_GetMoveDuration	0	static
trajectory_ctrl.c:505:17:TC_GetControlPositionStatus	0	static
trajectory_ctrl.c:514:15:TC_GetAlignmentStatus	0	static
trajectory_ctrl.c:523:6:TC_IncTick	0	static
