Archive member included to satisfy reference by file (symbol)

c:/st/stm32cubeide_1.4.0/stm32cubeide/plugins/com.st.stm32cube.ide.mcu.externaltools.gnu-tools-for-stm32.7-2018-q2-update.win32_1.4.0.202007081208/tools/bin/../lib/gcc/arm-none-eabi/7.3.1/../../../../arm-none-eabi/lib/thumb/v7e-m/fpv4-sp/hard\libc_nano.a(lib_a-errno.o)
                              Application/User/syscalls.o (__errno)
c:/st/stm32cubeide_1.4.0/stm32cubeide/plugins/com.st.stm32cube.ide.mcu.externaltools.gnu-tools-for-stm32.7-2018-q2-update.win32_1.4.0.202007081208/tools/bin/../lib/gcc/arm-none-eabi/7.3.1/../../../../arm-none-eabi/lib/thumb/v7e-m/fpv4-sp/hard\libc_nano.a(lib_a-exit.o)
                              c:/st/stm32cubeide_1.4.0/stm32cubeide/plugins/com.st.stm32cube.ide.mcu.externaltools.gnu-tools-for-stm32.7-2018-q2-update.win32_1.4.0.202007081208/tools/bin/../lib/gcc/arm-none-eabi/7.3.1/../../../../arm-none-eabi/lib/thumb/v7e-m/fpv4-sp/hard/crt0.o (exit)
c:/st/stm32cubeide_1.4.0/stm32cubeide/plugins/com.st.stm32cube.ide.mcu.externaltools.gnu-tools-for-stm32.7-2018-q2-update.win32_1.4.0.202007081208/tools/bin/../lib/gcc/arm-none-eabi/7.3.1/../../../../arm-none-eabi/lib/thumb/v7e-m/fpv4-sp/hard\libc_nano.a(lib_a-impure.o)
                              c:/st/stm32cubeide_1.4.0/stm32cubeide/plugins/com.st.stm32cube.ide.mcu.externaltools.gnu-tools-for-stm32.7-2018-q2-update.win32_1.4.0.202007081208/tools/bin/../lib/gcc/arm-none-eabi/7.3.1/../../../../arm-none-eabi/lib/thumb/v7e-m/fpv4-sp/hard\libc_nano.a(lib_a-exit.o) (_global_impure_ptr)
c:/st/stm32cubeide_1.4.0/stm32cubeide/plugins/com.st.stm32cube.ide.mcu.externaltools.gnu-tools-for-stm32.7-2018-q2-update.win32_1.4.0.202007081208/tools/bin/../lib/gcc/arm-none-eabi/7.3.1/../../../../arm-none-eabi/lib/thumb/v7e-m/fpv4-sp/hard\libc_nano.a(lib_a-init.o)
                              c:/st/stm32cubeide_1.4.0/stm32cubeide/plugins/com.st.stm32cube.ide.mcu.externaltools.gnu-tools-for-stm32.7-2018-q2-update.win32_1.4.0.202007081208/tools/bin/../lib/gcc/arm-none-eabi/7.3.1/../../../../arm-none-eabi/lib/thumb/v7e-m/fpv4-sp/hard/crt0.o (__libc_init_array)
c:/st/stm32cubeide_1.4.0/stm32cubeide/plugins/com.st.stm32cube.ide.mcu.externaltools.gnu-tools-for-stm32.7-2018-q2-update.win32_1.4.0.202007081208/tools/bin/../lib/gcc/arm-none-eabi/7.3.1/../../../../arm-none-eabi/lib/thumb/v7e-m/fpv4-sp/hard\libc_nano.a(lib_a-itoa.o)
                              Application/User/main.o (itoa)
c:/st/stm32cubeide_1.4.0/stm32cubeide/plugins/com.st.stm32cube.ide.mcu.externaltools.gnu-tools-for-stm32.7-2018-q2-update.win32_1.4.0.202007081208/tools/bin/../lib/gcc/arm-none-eabi/7.3.1/../../../../arm-none-eabi/lib/thumb/v7e-m/fpv4-sp/hard\libc_nano.a(lib_a-memcpy-stub.o)
                              Application/User/main.o (memcpy)
c:/st/stm32cubeide_1.4.0/stm32cubeide/plugins/com.st.stm32cube.ide.mcu.externaltools.gnu-tools-for-stm32.7-2018-q2-update.win32_1.4.0.202007081208/tools/bin/../lib/gcc/arm-none-eabi/7.3.1/../../../../arm-none-eabi/lib/thumb/v7e-m/fpv4-sp/hard\libc_nano.a(lib_a-memset.o)
                              c:/st/stm32cubeide_1.4.0/stm32cubeide/plugins/com.st.stm32cube.ide.mcu.externaltools.gnu-tools-for-stm32.7-2018-q2-update.win32_1.4.0.202007081208/tools/bin/../lib/gcc/arm-none-eabi/7.3.1/../../../../arm-none-eabi/lib/thumb/v7e-m/fpv4-sp/hard/crt0.o (memset)
c:/st/stm32cubeide_1.4.0/stm32cubeide/plugins/com.st.stm32cube.ide.mcu.externaltools.gnu-tools-for-stm32.7-2018-q2-update.win32_1.4.0.202007081208/tools/bin/../lib/gcc/arm-none-eabi/7.3.1/../../../../arm-none-eabi/lib/thumb/v7e-m/fpv4-sp/hard\libc_nano.a(lib_a-strlen.o)
                              Application/User/MotorCmds.o (strlen)
c:/st/stm32cubeide_1.4.0/stm32cubeide/plugins/com.st.stm32cube.ide.mcu.externaltools.gnu-tools-for-stm32.7-2018-q2-update.win32_1.4.0.202007081208/tools/bin/../lib/gcc/arm-none-eabi/7.3.1/../../../../arm-none-eabi/lib/thumb/v7e-m/fpv4-sp/hard\libc_nano.a(lib_a-utoa.o)
                              c:/st/stm32cubeide_1.4.0/stm32cubeide/plugins/com.st.stm32cube.ide.mcu.externaltools.gnu-tools-for-stm32.7-2018-q2-update.win32_1.4.0.202007081208/tools/bin/../lib/gcc/arm-none-eabi/7.3.1/../../../../arm-none-eabi/lib/thumb/v7e-m/fpv4-sp/hard\libc_nano.a(lib_a-itoa.o) (__utoa)
c:/st/stm32cubeide_1.4.0/stm32cubeide/plugins/com.st.stm32cube.ide.mcu.externaltools.gnu-tools-for-stm32.7-2018-q2-update.win32_1.4.0.202007081208/tools/bin/../lib/gcc/arm-none-eabi/7.3.1/../../../../arm-none-eabi/lib/thumb/v7e-m/fpv4-sp/hard\libm.a(lib_a-w_pow.o)
                              Application/User/main.o (pow)
c:/st/stm32cubeide_1.4.0/stm32cubeide/plugins/com.st.stm32cube.ide.mcu.externaltools.gnu-tools-for-stm32.7-2018-q2-update.win32_1.4.0.202007081208/tools/bin/../lib/gcc/arm-none-eabi/7.3.1/../../../../arm-none-eabi/lib/thumb/v7e-m/fpv4-sp/hard\libm.a(lib_a-e_pow.o)
[...]
Memory Configuration

Name             Origin             Length             Attributes
RAM              0x0000000020000000 0x0000000000020000 xrw
FLASH            0x0000000008000000 0x0000000000080000 xr
*default*        0x0000000000000000 0xffffffffffffffff

Linker script and memory map

LOAD c:/st/stm32cubeide_1.4.0/stm32cubeide/plugins/com.st.stm32cube.ide.mcu.externaltools.gnu-tools-for-stm32.7-2018-q2-update.win32_1.4.0.202007081208/tools/bin/../lib/gcc/arm-none-eabi/7.3.1/thumb/v7e-m/fpv4-sp/hard/crti.o
LOAD c:/st/stm32cubeide_1.4.0/stm32cubeide/plugins/com.st.stm32cube.ide.mcu.externaltools.gnu-tools-for-stm32.7-2018-q2-update.win32_1.4.0.202007081208/tools/bin/../lib/gcc/arm-none-eabi/7.3.1/thumb/v7e-m/fpv4-sp/hard/crtbegin.o
LOAD c:/st/stm32cubeide_1.4.0/stm32cubeide/plugins/com.st.stm32cube.ide.mcu.externaltools.gnu-tools-for-stm32.7-2018-q2-update.win32_1.4.0.202007081208/tools/bin/../lib/gcc/arm-none-eabi/7.3.1/../../../../arm-none-eabi/lib/thumb/v7e-m/fpv4-sp/hard/crt0.o
LOAD Application/Startup/startup_stm32g474retx.o
LOAD Application/User/MotorCmds.o
LOAD Application/User/MotorParams.o
LOAD Application/User/main.o
LOAD Application/User/mc_api.o
LOAD Application/User/mc_app_hooks.o
LOAD Application/User/mc_config.o
LOAD Application/User/mc_config_common.o
LOAD Application/User/mc_configuration_registers.o
LOAD Application/User/mc_interface.o
LOAD Application/User/mc_math.o
LOAD Application/User/mc_parameters.o
LOAD Application/User/mc_perf.o
LOAD Application/User/mc_tasks.o
LOAD Application/User/mc_tasks_foc.o
LOAD Application/User/motorcontrol.o
LOAD Application/User/pwm_common.o
LOAD Application/User/pwm_curr_fdbk.o
LOAD Application/User/regular_conversion_manager.o
LOAD Application/User/stm32_mc_common_it.o
LOAD Application/User/stm32g4xx_hal_msp.o
LOAD Application/User/stm32g4xx_it.o
LOAD Application/User/stm32g4xx_mc_it.o
LOAD Application/User/syscalls.o
LOAD Application/User/sysmem.o
LOAD Drivers/CMSIS/system_stm32g4xx.o
LOAD Drivers/STM32G4xx_HAL_Driver/stm32g4xx_hal.o
LOAD Drivers/STM32G4xx_HAL_Driver/stm32g4xx_hal_adc.o
LOAD Drivers/STM32G4xx_HAL_Driver/stm32g4xx_hal_adc_ex.o
LOAD Drivers/STM32G4xx_HAL_Driver/stm32g4xx_hal_cordic.o
LOAD Drivers/STM32G4xx_HAL_Driver/stm32g4xx_hal_cortex.o
LOAD Drivers/STM32G4xx_HAL_Driver/stm32g4xx_hal_dma.o
LOAD Drivers/STM32G4xx_HAL_Driver/stm32g4xx_hal_dma_ex.o
LOAD Drivers/STM32G4xx_HAL_Driver/stm32g4xx_hal_exti.o
LOAD Drivers/STM32G4xx_HAL_Driver/stm32g4xx_hal_flash.o
LOAD Drivers/STM32G4xx_HAL_Driver/stm32g4xx_hal_flash_ex.o
LOAD Drivers/STM32G4xx_HAL_Driver/stm32g4xx_hal_flash_ramfunc.o
LOAD Drivers/STM32G4xx_HAL_Driver/stm32g4xx_hal_gpio.o
LOAD Drivers/STM32G4xx_HAL_Driver/stm32g4xx_hal_pwr.o
LOAD Drivers/STM32G4xx_HAL_Driver/stm32g4xx_hal_pwr_ex.o
LOAD Drivers/STM32G4xx_HAL_Driver/stm32g4xx_hal_rcc.o
LOAD Drivers/STM32G4xx_HAL_Driver/stm32g4xx_hal_rcc_ex.o
LOAD Drivers/STM32G4xx_HAL_Driver/stm32g4xx_hal_tim.o
LOAD Drivers/STM32G4xx_HAL_Driver/stm32g4xx_hal_tim_ex.o
LOAD Drivers/STM32G4xx_HAL_Driver/stm32g4xx_hal_uart.o
LOAD Drivers/STM32G4xx_HAL_Driver/stm32g4xx_hal_uart_ex.o
LOAD Drivers/STM32G4xx_HAL_Driver/stm32g4xx_ll_adc.o
LOAD Middlewares/MotorControl/bus_voltage_sensor.o
LOAD Middlewares/MotorControl/circle_limitation.o
LOAD Middlewares/MotorControl/digital_output.o
LOAD Middlewares/MotorControl/enc_align_ctrl.o
LOAD Middlewares/MotorControl/encoder_speed_pos_fdbk.o
LOAD Middlewares/MotorControl/ntc_temperature_sensor.o
LOAD Middlewares/MotorControl/open_loop.o
LOAD Middlewares/MotorControl/pid_regulator.o
LOAD Middlewares/MotorControl/pqd_motor_power_measurement.o
LOAD Middlewares/MotorControl/r3_1_g4xx_pwm_curr_fdbk.o
LOAD Middlewares/MotorControl/r_divider_bus_voltage_sensor.o
LOAD Middlewares/MotorControl/ramp_ext_mngr.o
LOAD Middlewares/MotorControl/revup_ctrl.o
LOAD Middlewares/MotorControl/speed_pos_fdbk.o
LOAD Middlewares/MotorControl/speed_torq_ctrl.o
LOAD Middlewares/MotorControl/trajectory_ctrl.o
LOAD Middlewares/MotorControl/virtual_speed_sensor.o
START GROUP
LOAD c:/st/stm32cubeide_1.4.0/stm32cubeide/plugins/com.st.stm32cube.ide.mcu.externaltools.gnu-tools-for-stm32.7-2018-q2-update.win32_1.4.0.202007081208/tools/bin/../lib/gcc/arm-none-eabi/7.3.1/../../../../arm-none-eabi/lib/thumb/v7e-m/fpv4-sp/hard\libc_nano.a
LOAD c:/st/stm32cubeide_1.4.0/stm32cubeide/plugins/com.st.stm32cube.ide.mcu.externaltools.gnu-tools-for-stm32.7-2018-q2-update.win32_1.4.0.202007081208/tools/bin/../lib/gcc/arm-none-eabi/7.3.1/../../../../arm-none-eabi/lib/thumb/v7e-m/fpv4-sp/hard\libm.a
END GROUP
START GROUP
LOAD c:/st/stm32cubeide_1.4.0/stm32cubeide/plugins/com.st.stm32cube.ide.mcu.externaltools.gnu-tools-for-stm32.7-2018-q2-update.win32_1.4.0.202007081208/tools/bin/../lib/gcc/arm-none-eabi/7.3.1/thumb/v7e-m/fpv4-sp/hard\libgcc.a
LOAD c:/st/stm32cubeide_1.4.0/stm32cubeide/plugins/com.st.stm32cube.ide.mcu.externaltools.gnu-tools-for-stm32.7-2018-q2-update.win32_1.4.0.202007081208/tools/bin/../lib/gcc/arm-none-eabi/7.3.1/../../../../arm-none-eabi/lib/thumb/v7e-m/fpv4-sp/hard\libc_nano.a
END GROUP
START GROUP
LOAD c:/st/stm32cubeide_1.4.0/stm32cubeide/plugins/com.st.stm32cube.ide.mcu.externaltools.gnu-tools-for-stm32.7-2018-q2-update.win32_1.4.0.202007081208/tools/bin/../lib/gcc/arm-none-eabi/7.3.1/thumb/v7e-m/fpv4-sp/hard\libgcc.a
LOAD c:/st/stm32cubeide_1.4.0/stm32cubeide/plugins/com.st.stm32cube.ide.mcu.externaltools.gnu-tools-for-stm32.7-2018-q2-update.win32_1.4.0.202007081208/tools/bin/../lib/gcc/arm-none-eabi/7.3.1/../../../../arm-none-eabi/lib/thumb/v7e-m/fpv4-sp/hard\libc_nano.a
LOAD c:/st/stm32cubeide_1.4.0/stm32cubeide/plugins/com.st.stm32cube.ide.mcu.externaltools.gnu-tools-for-stm32.7-2018-q2-update.win32_1.4.0.202007081208/tools/bin/../lib/gcc/arm-none-eabi/7.3.1/../../../../arm-none-eabi/lib/thumb/v7e-m/fpv4-sp/hard\libnosys.a
END GROUP
START GROUP
LOAD c:/st/stm32cubeide_1.4.0/stm32cubeide/plugins/com.st.stm32cube.ide.mcu.externaltools.gnu-tools-for-stm32.7-2018-q2-update.win32_1.4.0.202007081208/tools/bin/../lib/gcc/arm-none-eabi/7.3.1/thumb/v7e-m/fpv4-sp/hard\libgcc.a
LOAD c:/st/stm32cubeide_1.4.0/stm32cubeide/plugins/com.st.stm32cube.ide.mcu.externaltools.gnu-tools-for-stm32.7-2018-q2-update.win32_1.4.0.202007081208/tools/bin/../lib/gcc/arm-none-eabi/7.3.1/../../../../arm-none-eabi/lib/thumb/v7e-m/fpv4-sp/hard\libc_nano.a
LOAD c:/st/stm32cubeide_1.4.0/stm32cubeide/plugins/com.st.stm32cube.ide.mcu.externaltools.gnu-tools-for-stm32.7-2018-q2-update.win32_1.4.0.202007081208/tools/bin/../lib/gcc/arm-none-eabi/7.3.1/../../../../arm-none-eabi/lib/thumb/v7e-m/fpv4-sp/hard\libnosys.a
END GROUP
LOAD c:/st/stm32cubeide_1.4.0/stm32cubeide/plugins/com.st.stm32cube.ide.mcu.externaltools.gnu-tools-for-stm32.7-2018-q2-update.win32_1.4.0.202007081208/tools/bin/../lib/gcc/arm-none-eabi/7.3.1/thumb/v7e-m/fpv4-sp/hard/crtend.o
LOAD c:/st/stm32cubeide_1.4.0/stm32cubeide/plugins/com.st.stm32cube.ide.mcu.externaltools.gnu-tools-for-stm32.7-2018-q2-update.win32_1.4.0.202007081208/tools/bin/../lib/gcc/arm-none-eabi/7.3.1/thumb/v7e-m/fpv4-sp/hard/crtn.o
                0x0000000020020000                _estack = (ORIGIN (RAM) + LENGTH (RAM))
                0x0000000000000200                _Min_Heap_Size = 0x200
                0x0000000000000400                _Min_Stack_Size = 0x400

.isr_vector     0x0000000008000000      0x1d8
                0x0000000008000000                . = ALIGN (0x4)
 *(.isr_vector)
 .isr_vector    0x0000000008000000      0x1d8 Application/Startup/startup_stm32g474retx.o
                0x0000000008000000                g_pfnVectors
                0x00000000080001d8                . = ALIGN (0x4)

.text           0x00000000080001d8     0x87d4
                0x00000000080001d8                . = ALIGN (0x4)
 *(.text)
 .text          0x00000000080001d8       0x40 c:/st/stm32cubeide_1.4.0/stm32cubeide/plugins/com.st.stm32cube.ide.mcu.externaltools.gnu-tools-for-stm32.7-2018-q2-update.win32_1.4.0.202007081208/tools/bin/../lib/gcc/arm-none-eabi/7.3.1/thumb/v7e-m/fpv4-sp/hard/crtbegin.o
 .text          0x0000000008000218       0x10 c:/st/stm32cubeide_1.4.0/stm32cubeide/plugins/com.st.stm32cube.ide.mcu.externaltools.gnu-tools-for-stm32.7-2018-q2-update.win32_1.4.0.202007081208/tools/bin/../lib/gcc/arm-none-eabi/7.3.1/../../../../arm-none-eabi/lib/thumb/v7e-m/fpv4-sp/hard\libc_nano.a(lib_a-strlen.o)
                0x0000000008000218                strlen
 .text          0x0000000008000228      0x378 c:/st/stm32cubeide_1.4.0/stm32cubeide/plugins/com.st.stm32cube.ide.mcu.externaltools.gnu-tools-for-stm32.7-2018-q2-update.win32_1.4.0.202007081208/tools/bin/../lib/gcc/arm-none-eabi/7.3.1/thumb/v7e-m/fpv4-sp/hard\libgcc.a(_arm_addsubdf3.o)
                0x0000000008000228                __aeabi_drsub
                0x0000000008000230                __aeabi_dsub
                0x0000000008000230                __subdf3
                0x0000000008000234                __aeabi_dadd
                0x0000000008000234                __adddf3
                0x00000000080004ac                __floatunsidf
                0x00000000080004ac                __aeabi_ui2d
                0x00000000080004cc                __floatsidf
                0x00000000080004cc                __aeabi_i2d
                0x00000000080004f0                __aeabi_f2d
                0x00000000080004f0                __extendsfdf2
                0x0000000008000534                __floatundidf
                0x0000000008000534                __aeabi_ul2d
                0x0000000008000544                __floatdidf
                0x0000000008000544                __aeabi_l2d
 .text          0x00000000080005a0      0x424 c:/st/stm32cubeide_1.4.0/stm32cubeide/plugins/com.st.stm32cube.ide.mcu.externaltools.gnu-tools-for-stm32.7-2018-q2-update.win32_1.4.0.202007081208/tools/bin/../lib/gcc/arm-none-eabi/7.3.1/thumb/v7e-m/fpv4-sp/hard\libgcc.a(_arm_muldivdf3.o)
                0x00000000080005a0                __aeabi_dmul
                0x00000000080005a0                __muldf3
                0x00000000080007f4                __divdf3
                0x00000000080007f4                __aeabi_ddiv
 .text          0x00000000080009c4       0xa0 c:/st/stm32cubeide_1.4.0/stm32cubeide/plugins/com.st.stm32cube.ide.mcu.externaltools.gnu-tools-for-stm32.7-2018-q2-update.win32_1.4.0.202007081208/tools/bin/../lib/gcc/arm-none-eabi/7.3.1/thumb/v7e-m/fpv4-sp/hard\libgcc.a(_arm_truncdfsf2.o)
                0x00000000080009c4                __truncdfsf2
                0x00000000080009c4                __aeabi_d2f
 .text          0x0000000008000a64       0x30 c:/st/stm32cubeide_1.4.0/stm32cubeide/plugins/com.st.stm32cube.ide.mcu.externaltools.gnu-tools-for-stm32.7-2018-q2-update.win32_1.4.0.202007081208/tools/bin/../lib/gcc/arm-none-eabi/7.3.1/thumb/v7e-m/fpv4-sp/hard\libgcc.a(_aeabi_uldivmod.o)
                0x0000000008000a64                __aeabi_uldivmod
 .text          0x0000000008000a94      0x2cc c:/st/stm32cubeide_1.4.0/stm32cubeide/plugins/com.st.stm32cube.ide.mcu.externaltools.gnu-tools-for-stm32.7-2018-q2-update.win32_1.4.0.202007081208/tools/bin/../lib/gcc/arm-none-eabi/7.3.1/thumb/v7e-m/fpv4-sp/hard\libgcc.a(_udivmoddi4.o)
                0x0000000008000a94                __udivmoddi4
 .text          0x0000000008000d60        0x4 c:/st/stm32cubeide_1.4.0/stm32cubeide/plugins/com.st.stm32cube.ide.mcu.externaltools.gnu-tools-for-stm32.7-2018-q2-update.win32_1.4.0.202007081208/tools/bin/../lib/gcc/arm-none-eabi/7.3.1/thumb/v7e-m/fpv4-sp/hard\libgcc.a(_dvmd_tls.o)
                0x0000000008000d60                __aeabi_idiv0
                0x0000000008000d60                __aeabi_ldiv0
 *(.text*)
 .text.Reset_Handler
                0x0000000008000d64       0x50 Application/Startup/startup_stm32g474retx.o
                0x0000000008000d64                Reset_Handler
 .text.Default_Handler
                0x0000000008000db4        0x2 Application/Startup/startup_stm32g474retx.o
                0x0000000008000db4                RTC_Alarm_IRQHandler
                0x0000000008000db4                EXTI2_IRQHandler
                0x0000000008000db4                TIM8_TRG_COM_IRQHandler
                0x0000000008000db4                TIM8_CC_IRQHandler
                0x0000000008000db4                HRTIM1_Master_IRQHandler
                0x0000000008000db4                DebugMon_Handler
                0x0000000008000db4                SPI4_IRQHandler
                0x0000000008000db4                FDCAN3_IT0_IRQHandler
                0x0000000008000db4                TIM1_CC_IRQHandler
                0x0000000008000db4                HRTIM1_FLT_IRQHandler
                0x0000000008000db4                HRTIM1_TIMF_IRQHandler
                0x0000000008000db4                USB_HP_IRQHandler
                0x0000000008000db4                CORDIC_IRQHandler
                0x0000000008000db4                HRTIM1_TIMD_IRQHandler
                0x0000000008000db4                PendSV_Handler
                0x0000000008000db4                DMA2_Channel8_IRQHandler
                0x0000000008000db4                NMI_Handler
                0x0000000008000db4                EXTI3_IRQHandler
                0x0000000008000db4                I2C3_ER_IRQHandler
                0x0000000008000db4                EXTI0_IRQHandler
                0x0000000008000db4                I2C2_EV_IRQHandler
                0x0000000008000db4                FPU_IRQHandler
                0x0000000008000db4                FDCAN1_IT1_IRQHandler
                0x0000000008000db4                UsageFault_Handler
                0x0000000008000db4                HRTIM1_TIME_IRQHandler
                0x0000000008000db4                SPI1_IRQHandler
                0x0000000008000db4                TIM6_DAC_IRQHandler
                0x0000000008000db4                HRTIM1_TIMC_IRQHandler
                0x0000000008000db4                TIM8_UP_IRQHandler
                0x0000000008000db4                DMA2_Channel2_IRQHandler
                0x0000000008000db4                DMA1_Channel4_IRQHandler
                0x0000000008000db4                TIM20_TRG_COM_IRQHandler
                0x0000000008000db4                USART3_IRQHandler
                0x0000000008000db4                DMA1_Channel7_IRQHandler
                0x0000000008000db4                UART5_IRQHandler
                0x0000000008000db4                ADC3_IRQHandler
                0x0000000008000db4                TIM4_IRQHandler
                0x0000000008000db4                DMA2_Channel1_IRQHandler
                0x0000000008000db4                QUADSPI_IRQHandler
                0x0000000008000db4                I2C1_EV_IRQHandler
                0x0000000008000db4                DMA1_Channel6_IRQHandler
                0x0000000008000db4                UART4_IRQHandler
                0x0000000008000db4                DMA2_Channel4_IRQHandler
                0x0000000008000db4                TIM3_IRQHandler
                0x0000000008000db4                RCC_IRQHandler
                0x0000000008000db4                TIM20_UP_IRQHandler
                0x0000000008000db4                DMA1_Channel1_IRQHandler
                0x0000000008000db4                Default_Handler
                0x0000000008000db4                DMA2_Channel7_IRQHandler
                0x0000000008000db4                RTC_TAMP_LSECSS_IRQHandler
                0x0000000008000db4                FMAC_IRQHandler
                0x0000000008000db4                DMA1_Channel8_IRQHandler
                0x0000000008000db4                HRTIM1_TIMA_IRQHandler
                0x0000000008000db4                TIM7_DAC_IRQHandler
                0x0000000008000db4                FDCAN3_IT1_IRQHandler
                0x0000000008000db4                TIM5_IRQHandler
                0x0000000008000db4                UCPD1_IRQHandler
                0x0000000008000db4                I2C3_EV_IRQHandler
                0x0000000008000db4                EXTI9_5_IRQHandler
                0x0000000008000db4                RTC_WKUP_IRQHandler
                0x0000000008000db4                PVD_PVM_IRQHandler
                0x0000000008000db4                SPI2_IRQHandler
                0x0000000008000db4                MemManage_Handler
                0x0000000008000db4                ADC5_IRQHandler
                0x0000000008000db4                SVC_Handler
                0x0000000008000db4                DMA2_Channel5_IRQHandler
                0x0000000008000db4                CRS_IRQHandler
                0x0000000008000db4                DMA1_Channel5_IRQHandler
                0x0000000008000db4                USB_LP_IRQHandler
                0x0000000008000db4                EXTI4_IRQHandler
                0x0000000008000db4                RNG_IRQHandler
                0x0000000008000db4                HRTIM1_TIMB_IRQHandler
                0x0000000008000db4                TIM1_TRG_COM_TIM17_IRQHandler
                0x0000000008000db4                FDCAN2_IT1_IRQHandler
                0x0000000008000db4                DMA1_Channel3_IRQHandler
                0x0000000008000db4                ADC4_IRQHandler
                0x0000000008000db4                WWDG_IRQHandler
                0x0000000008000db4                I2C4_EV_IRQHandler
                0x0000000008000db4                FDCAN2_IT0_IRQHandler
                0x0000000008000db4                LPUART1_IRQHandler
                0x0000000008000db4                DMA2_Channel6_IRQHandler
                0x0000000008000db4                FDCAN1_IT0_IRQHandler
                0x0000000008000db4                COMP7_IRQHandler
                0x0000000008000db4                COMP1_2_3_IRQHandler
                0x0000000008000db4                EXTI1_IRQHandler
                0x0000000008000db4                USART2_IRQHandler
                0x0000000008000db4                COMP4_5_6_IRQHandler
                0x0000000008000db4                TIM20_BRK_IRQHandler
                0x0000000008000db4                I2C2_ER_IRQHandler
                0x0000000008000db4                DMA1_Channel2_IRQHandler
                0x0000000008000db4                TIM8_BRK_IRQHandler
                0x0000000008000db4                FLASH_IRQHandler
                0x0000000008000db4                TIM20_CC_IRQHandler
                0x0000000008000db4                BusFault_Handler
                0x0000000008000db4                USART1_IRQHandler
                0x0000000008000db4                SPI3_IRQHandler
                0x0000000008000db4                I2C1_ER_IRQHandler
                0x0000000008000db4                FMC_IRQHandler
                0x0000000008000db4                LPTIM1_IRQHandler
                0x0000000008000db4                DMAMUX_OVR_IRQHandler
                0x0000000008000db4                I2C4_ER_IRQHandler
                0x0000000008000db4                USBWakeUp_IRQHandler
                0x0000000008000db4                SAI1_IRQHandler
                0x0000000008000db4                DMA2_Channel3_IRQHandler
 *fill*         0x0000000008000db6        0x2 
 .text.CmdProc_Direction
                0x0000000008000db8       0x60 Application/User/MotorCmds.o
                0x0000000008000db8                CmdProc_Direction
 .text.CmdProc_SetZero
                0x0000000008000e18       0x38 Application/User/MotorCmds.o
                0x0000000008000e18                CmdProc_SetZero
 .text.CmdProc_Speed
                0x0000000008000e50       0x74 Application/User/MotorCmds.o
                0x0000000008000e50                CmdProc_Speed
 .text.CmdProc_RTZ
                0x0000000008000ec4       0x38 Application/User/MotorCmds.o
                0x0000000008000ec4                CmdProc_RTZ
 .text.CmdProc_Init
                0x0000000008000efc       0x38 Application/User/MotorCmds.o
                0x0000000008000efc                CmdProc_Init
 .text.CmdProc_ResetParams
                0x0000000008000f34       0x38 Application/User/MotorCmds.o
                0x0000000008000f34                CmdProc_ResetParams
 .text.CmdProc_Start
                0x0000000008000f6c       0x38 Application/User/MotorCmds.o
                0x0000000008000f6c                CmdProc_Start
 .text.CmdProc_Stop
                0x0000000008000fa4       0x40 Application/User/MotorCmds.o
                0x0000000008000fa4                CmdProc_Stop
 .text.CmdProc_Run
                0x0000000008000fe4       0x38 Application/User/MotorCmds.o
                0x0000000008000fe4                CmdProc_Run
 .text.CmdProc_Distance
                0x000000000800101c       0x74 Application/User/MotorCmds.o
                0x000000000800101c                CmdProc_Distance
 .text.Cmd_Process
                0x0000000008001090      0x2c0 Application/User/MotorCmds.o
                0x0000000008001090                Cmd_Process
 .text.Send_ErrorMsg
                0x0000000008001350       0x28 Application/User/MotorCmds.o
                0x0000000008001350                Send_ErrorMsg
 .text.Motor_Init
                0x0000000008001378       0x24 Application/User/MotorParams.o
                0x0000000008001378                Motor_Init
 .text.Motor_SetDistance
                0x000000000800139c       0x10 Application/User/MotorParams.o
                0x000000000800139c                Motor_SetDistance
 .text.Motor_GetDistance
                0x00000000080013ac        0xc Application/User/MotorParams.o
                0x00000000080013ac                Motor_GetDistance
 .text.Motor_SetSpeed
                0x00000000080013b8       0x10 Application/User/MotorParams.o
                0x00000000080013b8                Motor_SetSpeed
 .text.Motor_GetSpeed
                0x00000000080013c8        0xc Application/User/MotorParams.o
                0x00000000080013c8                Motor_GetSpeed
 .text.Motor_SetDirection
                0x00000000080013d4        0xc Application/User/MotorParams.o
                0x00000000080013d4                Motor_SetDirection
 .text.Motor_GetDirection
                0x00000000080013e0        0xc Application/User/MotorParams.o
                0x00000000080013e0                Motor_GetDirection
 .text.Motor_SetZeroPos
                0x00000000080013ec       0x10 Application/User/MotorParams.o
                0x00000000080013ec                Motor_SetZeroPos
 .text.Motor_GetZeroPos
                0x00000000080013fc        0xc Application/User/MotorParams.o
                0x00000000080013fc                Motor_GetZeroPos
 .text.Motor_ResetParams
                0x0000000008001408       0x24 Application/User/MotorParams.o
                0x0000000008001408                Motor_ResetParams
 .text.Motor_ResetDriveParams
                0x000000000800142c        0x4 Application/User/MotorParams.o
                0x000000000800142c                Motor_ResetDriveParams
 .text.Motor_Start
                0x0000000008001430       0x1c Application/User/MotorParams.o
                0x0000000008001430                Motor_Start
 .text.Motor_Stop
                0x000000000800144c       0x30 Application/User/MotorParams.o
                0x000000000800144c                Motor_Stop
 *fill*         0x000000000800147c        0x4 
 .text.Motor_Run
                0x0000000008001480       0xf8 Application/User/MotorParams.o
                0x0000000008001480                Motor_Run
 .text.Motor_SetZero
                0x0000000008001578       0x10 Application/User/MotorParams.o
                0x0000000008001578                Motor_SetZero
 .text.Motor_RTZ
                0x0000000008001588      0x124 Application/User/MotorParams.o
                0x0000000008001588                Motor_RTZ
 .text.Motor_GetRunTick
                0x00000000080016ac        0xc Application/User/MotorParams.o
                0x00000000080016ac                Motor_GetRunTick
 .text.Motor_SetRunTick
                0x00000000080016b8        0xc Application/User/MotorParams.o
                0x00000000080016b8                Motor_SetRunTick
 .text.SystemClock_Config
                0x00000000080016c4       0x74 Application/User/main.o
                0x00000000080016c4                SystemClock_Config
 .text.startup.main
                0x0000000008001738      0x694 Application/User/main.o
                0x0000000008001738                main
 .text.Error_Handler
                0x0000000008001dcc        0x4 Application/User/main.o
                0x0000000008001dcc                Error_Handler
 .text.MC_StartMotor1
                0x0000000008001dd0        0xc Application/User/mc_api.o
                0x0000000008001dd0                MC_StartMotor1
 .text.MC_StopMotor1
                0x0000000008001ddc        0xc Application/User/mc_api.o
                0x0000000008001ddc                MC_StopMotor1
 .text.MC_ProgramPositionCommandMotor1
                0x0000000008001de8        0xc Application/User/mc_api.o
                0x0000000008001de8                MC_ProgramPositionCommandMotor1
 .text.MC_GetSTMStateMotor1
                0x0000000008001df4        0xc Application/User/mc_api.o
                0x0000000008001df4                MC_GetSTMStateMotor1
 .text.MC_GetAlignmentStatusMotor1
                0x0000000008001e00        0xc Application/User/mc_api.o
                0x0000000008001e00                MC_GetAlignmentStatusMotor1
 .text.MC_APP_BootHook
                0x0000000008001e0c        0x4 Application/User/mc_app_hooks.o
                0x0000000008001e0c                MC_APP_BootHook
 .text.MC_APP_PostMediumFrequencyHook_M1
                0x0000000008001e10        0x4 Application/User/mc_app_hooks.o
                0x0000000008001e10                MC_APP_PostMediumFrequencyHook_M1
 .text.MCI_ExecSpeedRamp
                0x0000000008001e14       0x1c Application/User/mc_interface.o
                0x0000000008001e14                MCI_ExecSpeedRamp
 .text.MCI_ExecPositionCommand
                0x0000000008001e30       0x6c Application/User/mc_interface.o
                0x0000000008001e30                MCI_ExecPositionCommand
 .text.MCI_FaultProcessing
                0x0000000008001e9c       0x18 Application/User/mc_interface.o
                0x0000000008001e9c                MCI_FaultProcessing
 .text.MCI_ExecBufferedCommands
                0x0000000008001eb4       0x7c Application/User/mc_interface.o
                0x0000000008001eb4                MCI_ExecBufferedCommands
 .text.MCI_GetSTMState
                0x0000000008001f30        0x8 Application/User/mc_interface.o
                0x0000000008001f30                MCI_GetSTMState
 .text.MCI_GetAlignmentStatus
                0x0000000008001f38        0x8 Application/User/mc_interface.o
                0x0000000008001f38                MCI_GetAlignmentStatus
 .text.MCI_GetOccurredFaults
                0x0000000008001f40        0x4 Application/User/mc_interface.o
                0x0000000008001f40                MCI_GetOccurredFaults
 .text.MCI_GetCurrentFaults
                0x0000000008001f44        0x4 Application/User/mc_interface.o
                0x0000000008001f44                MCI_GetCurrentFaults
 .text.MCI_StartMotor
                0x0000000008001f48       0x30 Application/User/mc_interface.o
                0x0000000008001f48                MCI_StartMotor
 .text.MCI_StopMotor
                0x0000000008001f78       0x44 Application/User/mc_interface.o
                0x0000000008001f78                MCI_StopMotor
 .text.MCI_GetFaultState
                0x0000000008001fbc        0xc Application/User/mc_interface.o
                0x0000000008001fbc                MCI_GetFaultState
 .text.MCM_Clarke
                0x0000000008001fc8       0x4c Application/User/mc_math.o
                0x0000000008001fc8                MCM_Clarke
 .text.MCM_Trig_Functions
                0x0000000008002014       0x2c Application/User/mc_math.o
                0x0000000008002014                MCM_Trig_Functions
 .text.MCM_Park
                0x0000000008002040       0x74 Application/User/mc_math.o
                0x0000000008002040                MCM_Park
 .text.MCM_Rev_Park
                0x00000000080020b4       0x3c Application/User/mc_math.o
                0x00000000080020b4                MCM_Rev_Park
 .text.MCM_Sqrt
                0x00000000080020f0       0x20 Application/User/mc_math.o
                0x00000000080020f0                MCM_Sqrt
 .text.MCboot   0x0000000008002110       0x64 Application/User/mc_tasks.o
                0x0000000008002110                MCboot
 .text.TSK_SetChargeBootCapDelayM1
                0x0000000008002174        0xc Application/User/mc_tasks.o
                0x0000000008002174                TSK_SetChargeBootCapDelayM1
 .text.TSK_ChargeBootCapDelayHasElapsedM1
                0x0000000008002180       0x14 Application/User/mc_tasks.o
                0x0000000008002180                TSK_ChargeBootCapDelayHasElapsedM1
 .text.TSK_SetStopPermanencyTimeM1
                0x0000000008002194        0xc Application/User/mc_tasks.o
                0x0000000008002194                TSK_SetStopPermanencyTimeM1
 .text.TSK_StopPermanencyTimeHasElapsedM1
                0x00000000080021a0       0x14 Application/User/mc_tasks.o
                0x00000000080021a0                TSK_StopPermanencyTimeHasElapsedM1
 .text.TSK_HighFrequencyTask
                0x00000000080021b4        0xc Application/User/mc_tasks.o
                0x00000000080021b4                TSK_HighFrequencyTask
 .text.TSK_SafetyTask_PWMOFF
                0x00000000080021c0       0xa4 Application/User/mc_tasks.o
                0x00000000080021c0                TSK_SafetyTask_PWMOFF
 .text.TSK_SafetyTask
                0x0000000008002264       0x20 Application/User/mc_tasks.o
                0x0000000008002264                TSK_SafetyTask
 .text.MC_RunMotorControlTasks
                0x0000000008002284       0x54 Application/User/mc_tasks.o
                0x0000000008002284                MC_RunMotorControlTasks
 .text.TSK_HardwareFaultTask
                0x00000000080022d8       0x1c Application/User/mc_tasks.o
                0x00000000080022d8                TSK_HardwareFaultTask
 .text.UI_HandleStartStopButton_cb
                0x00000000080022f4       0x18 Application/User/mc_tasks.o
                0x00000000080022f4                UI_HandleStartStopButton_cb
 .text.mc_lock_pins
                0x000000000800230c      0x114 Application/User/mc_tasks.o
                0x000000000800230c                mc_lock_pins
 .text.FOC_Clear
                0x0000000008002420       0x7c Application/User/mc_tasks_foc.o
                0x0000000008002420                FOC_Clear
 .text.FOC_Init
                0x000000000800249c      0x10c Application/User/mc_tasks_foc.o
                0x000000000800249c                FOC_Init
 .text.FOC_InitAdditionalMethods
                0x00000000080025a8        0x4 Application/User/mc_tasks_foc.o
                0x00000000080025a8                FOC_InitAdditionalMethods
 .text.FOC_CalcCurrRef
                0x00000000080025ac       0x48 Application/User/mc_tasks_foc.o
                0x00000000080025ac                FOC_CalcCurrRef
 .text.TSK_MediumFrequencyTaskM1
                0x00000000080025f4      0x2cc Application/User/mc_tasks_foc.o
                0x00000000080025f4                TSK_MediumFrequencyTaskM1
 .text.FOC_HighFrequencyTask
                0x00000000080028c0       0xe8 Application/User/mc_tasks_foc.o
                0x00000000080028c0                FOC_HighFrequencyTask
 .text.MX_MotorControl_Init
                0x00000000080029a8       0x3c Application/User/motorcontrol.o
                0x00000000080029a8                MX_MotorControl_Init
 .text.startTimers
                0x00000000080029e4       0x98 Application/User/pwm_common.o
                0x00000000080029e4                startTimers
 .text.waitForPolarizationEnd
                0x0000000008002a7c       0x38 Application/User/pwm_common.o
                0x0000000008002a7c                waitForPolarizationEnd
 .text.PWMC_SetPhaseVoltage
                0x0000000008002ab4      0x27c Application/User/pwm_curr_fdbk.o
                0x0000000008002ab4                PWMC_SetPhaseVoltage
 .text.PWMC_SwitchOffPWM
                0x0000000008002d30        0x4 Application/User/pwm_curr_fdbk.o
                0x0000000008002d30                PWMC_SwitchOffPWM
 .text.PWMC_SwitchOnPWM
                0x0000000008002d34        0x4 Application/User/pwm_curr_fdbk.o
                0x0000000008002d34                PWMC_SwitchOnPWM
 .text.PWMC_CurrentReadingCalibr
                0x0000000008002d38       0x48 Application/User/pwm_curr_fdbk.o
                0x0000000008002d38                PWMC_CurrentReadingCalibr
 .text.PWMC_OCP_Handler
                0x0000000008002d80       0x40 Application/User/pwm_curr_fdbk.o
                0x0000000008002d80                PWMC_OCP_Handler
 .text.PWMC_OVP_Handler
                0x0000000008002dc0       0x20 Application/User/pwm_curr_fdbk.o
                0x0000000008002dc0                PWMC_OVP_Handler
 .text.PWMC_IsFaultOccurred
                0x0000000008002de0       0x38 Application/User/pwm_curr_fdbk.o
                0x0000000008002de0                PWMC_IsFaultOccurred
 .text.RCM_RegisterRegConv
                0x0000000008002e18      0x1b0 Application/User/regular_conversion_manager.o
                0x0000000008002e18                RCM_RegisterRegConv
 .text.RCM_ExecRegularConv
                0x0000000008002fc8      0x184 Application/User/regular_conversion_manager.o
                0x0000000008002fc8                RCM_ExecRegularConv
 .text.RCM_ExecUserConv
                0x000000000800314c      0x1f8 Application/User/regular_conversion_manager.o
                0x000000000800314c                RCM_ExecUserConv
 .text.RCM_ExecNextConv
                0x0000000008003344       0x84 Application/User/regular_conversion_manager.o
                0x0000000008003344                RCM_ExecNextConv
 .text.RCM_ReadOngoingConv
                0x00000000080033c8       0x50 Application/User/regular_conversion_manager.o
                0x00000000080033c8                RCM_ReadOngoingConv
 .text.TIM2_IRQHandler
                0x0000000008003418       0x20 Application/User/stm32_mc_common_it.o
                0x0000000008003418                TIM2_IRQHandler
 .text.HardFault_Handler
                0x0000000008003438        0x8 Application/User/stm32_mc_common_it.o
                0x0000000008003438                HardFault_Handler
 .text.SysTick_Handler
                0x0000000008003440       0x34 Application/User/stm32_mc_common_it.o
                0x0000000008003440                SysTick_Handler
 .text.EXTI15_10_IRQHandler
                0x0000000008003474       0x18 Application/User/stm32_mc_common_it.o
                0x0000000008003474                EXTI15_10_IRQHandler
 .text.HAL_MspInit
                0x000000000800348c       0x40 Application/User/stm32g4xx_hal_msp.o
                0x000000000800348c                HAL_MspInit
 .text.HAL_ADC_MspInit
                0x00000000080034cc       0xac Application/User/stm32g4xx_hal_msp.o
                0x00000000080034cc                HAL_ADC_MspInit
 .text.HAL_CORDIC_MspInit
                0x0000000008003578       0x30 Application/User/stm32g4xx_hal_msp.o
                0x0000000008003578                HAL_CORDIC_MspInit
 .text.HAL_TIM_PWM_MspInit
                0x00000000080035a8       0x6c Application/User/stm32g4xx_hal_msp.o
                0x00000000080035a8                HAL_TIM_PWM_MspInit
 .text.HAL_TIM_Encoder_MspInit
                0x0000000008003614       0x8c Application/User/stm32g4xx_hal_msp.o
                0x0000000008003614                HAL_TIM_Encoder_MspInit
 .text.HAL_TIM_MspPostInit
                0x00000000080036a0       0x9c Application/User/stm32g4xx_hal_msp.o
                0x00000000080036a0                HAL_TIM_MspPostInit
 .text.HAL_UART_MspInit
                0x000000000800373c       0x88 Application/User/stm32g4xx_hal_msp.o
                0x000000000800373c                HAL_UART_MspInit
 .text.ADC1_2_IRQHandler
                0x00000000080037c4        0xc Application/User/stm32g4xx_mc_it.o
                0x00000000080037c4                ADC1_2_IRQHandler
 .text.TIM1_UP_TIM16_IRQHandler
                0x00000000080037d0       0x18 Application/User/stm32g4xx_mc_it.o
                0x00000000080037d0                TIM1_UP_TIM16_IRQHandler
 .text.TIM1_BRK_TIM15_IRQHandler
                0x00000000080037e8       0x3c Application/User/stm32g4xx_mc_it.o
                0x00000000080037e8                TIM1_BRK_TIM15_IRQHandler
 .text.SystemInit
                0x0000000008003824       0x14 Drivers/CMSIS/system_stm32g4xx.o
                0x0000000008003824                SystemInit
 .text.HAL_InitTick
                0x0000000008003838       0x4c Drivers/STM32G4xx_HAL_Driver/stm32g4xx_hal.o
                0x0000000008003838                HAL_InitTick
 .text.HAL_Init
                0x0000000008003884       0x38 Drivers/STM32G4xx_HAL_Driver/stm32g4xx_hal.o
                0x0000000008003884                HAL_Init
 .text.HAL_IncTick
                0x00000000080038bc       0x18 Drivers/STM32G4xx_HAL_Driver/stm32g4xx_hal.o
                0x00000000080038bc                HAL_IncTick
 .text.HAL_GetTick
                0x00000000080038d4        0xc Drivers/STM32G4xx_HAL_Driver/stm32g4xx_hal.o
                0x00000000080038d4                HAL_GetTick
 .text.HAL_Delay
                0x00000000080038e0       0x24 Drivers/STM32G4xx_HAL_Driver/stm32g4xx_hal.o
                0x00000000080038e0                HAL_Delay
 .text.HAL_ADC_Init
                0x0000000008003904      0x258 Drivers/STM32G4xx_HAL_Driver/stm32g4xx_hal_adc.o
                0x0000000008003904                HAL_ADC_Init
 .text.HAL_ADC_ConfigChannel
                0x0000000008003b5c      0x4c0 Drivers/STM32G4xx_HAL_Driver/stm32g4xx_hal_adc.o
                0x0000000008003b5c                HAL_ADC_ConfigChannel
 .text.HAL_ADCEx_InjectedConfigChannel
                0x000000000800401c      0x608 Drivers/STM32G4xx_HAL_Driver/stm32g4xx_hal_adc_ex.o
                0x000000000800401c                HAL_ADCEx_InjectedConfigChannel
 .text.HAL_ADCEx_MultiModeConfigChannel
                0x0000000008004624      0x15c Drivers/STM32G4xx_HAL_Driver/stm32g4xx_hal_adc_ex.o
                0x0000000008004624                HAL_ADCEx_MultiModeConfigChannel
 .text.HAL_CORDIC_Init
                0x0000000008004780       0x34 Drivers/STM32G4xx_HAL_Driver/stm32g4xx_hal_cordic.o
                0x0000000008004780                HAL_CORDIC_Init
 .text.HAL_NVIC_SetPriorityGrouping
                0x00000000080047b4       0x24 Drivers/STM32G4xx_HAL_Driver/stm32g4xx_hal_cortex.o
                0x00000000080047b4                HAL_NVIC_SetPriorityGrouping
 .text.HAL_NVIC_SetPriority
                0x00000000080047d8       0x6c Drivers/STM32G4xx_HAL_Driver/stm32g4xx_hal_cortex.o
                0x00000000080047d8                HAL_NVIC_SetPriority
 .text.HAL_NVIC_EnableIRQ
                0x0000000008004844       0x1c Drivers/STM32G4xx_HAL_Driver/stm32g4xx_hal_cortex.o
                0x0000000008004844                HAL_NVIC_EnableIRQ
 .text.HAL_SYSTICK_Config
                0x0000000008004860       0x34 Drivers/STM32G4xx_HAL_Driver/stm32g4xx_hal_cortex.o
                0x0000000008004860                HAL_SYSTICK_Config
 .text.HAL_SYSTICK_Callback
                0x0000000008004894        0x4 Drivers/STM32G4xx_HAL_Driver/stm32g4xx_hal_cortex.o
                0x0000000008004894                HAL_SYSTICK_Callback
 .text.HAL_SYSTICK_IRQHandler
                0x0000000008004898        0x8 Drivers/STM32G4xx_HAL_Driver/stm32g4xx_hal_cortex.o
                0x0000000008004898                HAL_SYSTICK_IRQHandler
 .text.HAL_GPIO_Init
                0x00000000080048a0      0x1c0 Drivers/STM32G4xx_HAL_Driver/stm32g4xx_hal_gpio.o
                0x00000000080048a0                HAL_GPIO_Init
 .text.HAL_GPIO_ReadPin
                0x0000000008004a60        0xc Drivers/STM32G4xx_HAL_Driver/stm32g4xx_hal_gpio.o
                0x0000000008004a60                HAL_GPIO_ReadPin
 .text.HAL_PWREx_ControlVoltageScaling
                0x0000000008004a6c       0xfc Drivers/STM32G4xx_HAL_Driver/stm32g4xx_hal_pwr_ex.o
                0x0000000008004a6c                HAL_PWREx_ControlVoltageScaling
 .text.HAL_PWREx_DisableUCPDDeadBattery
                0x0000000008004b68       0x10 Drivers/STM32G4xx_HAL_Driver/stm32g4xx_hal_pwr_ex.o
                0x0000000008004b68                HAL_PWREx_DisableUCPDDeadBattery
 .text.HAL_RCC_OscConfig
                0x0000000008004b78      0x49c Drivers/STM32G4xx_HAL_Driver/stm32g4xx_hal_rcc.o
                0x0000000008004b78                HAL_RCC_OscConfig
 .text.HAL_RCC_ClockConfig
                0x0000000008005014      0x2dc Drivers/STM32G4xx_HAL_Driver/stm32g4xx_hal_rcc.o
                0x0000000008005014                HAL_RCC_ClockConfig
 .text.HAL_RCC_GetSysClockFreq
                0x00000000080052f0       0x70 Drivers/STM32G4xx_HAL_Driver/stm32g4xx_hal_rcc.o
                0x00000000080052f0                HAL_RCC_GetSysClockFreq
 .text.HAL_RCC_GetHCLKFreq
                0x0000000008005360        0xc Drivers/STM32G4xx_HAL_Driver/stm32g4xx_hal_rcc.o
                0x0000000008005360                HAL_RCC_GetHCLKFreq
 .text.HAL_RCC_GetPCLK1Freq
                0x000000000800536c       0x24 Drivers/STM32G4xx_HAL_Driver/stm32g4xx_hal_rcc.o
                0x000000000800536c                HAL_RCC_GetPCLK1Freq
 .text.HAL_RCC_GetPCLK2Freq
                0x0000000008005390       0x24 Drivers/STM32G4xx_HAL_Driver/stm32g4xx_hal_rcc.o
                0x0000000008005390                HAL_RCC_GetPCLK2Freq
 .text.HAL_RCC_EnableCSS
                0x00000000080053b4       0x10 Drivers/STM32G4xx_HAL_Driver/stm32g4xx_hal_rcc.o
                0x00000000080053b4                HAL_RCC_EnableCSS
 .text.HAL_RCCEx_PeriphCLKConfig
                0x00000000080053c4      0x310 Drivers/STM32G4xx_HAL_Driver/stm32g4xx_hal_rcc_ex.o
                0x00000000080053c4                HAL_RCCEx_PeriphCLKConfig
 .text.HAL_TIM_PWM_Init
                0x00000000080056d4      0x180 Drivers/STM32G4xx_HAL_Driver/stm32g4xx_hal_tim.o
                0x00000000080056d4                HAL_TIM_PWM_Init
 .text.HAL_TIM_Encoder_Init
                0x0000000008005854      0x1dc Drivers/STM32G4xx_HAL_Driver/stm32g4xx_hal_tim.o
                0x0000000008005854                HAL_TIM_Encoder_Init
 .text.HAL_TIM_PWM_ConfigChannel
                0x0000000008005a30      0x480 Drivers/STM32G4xx_HAL_Driver/stm32g4xx_hal_tim.o
                0x0000000008005a30                HAL_TIM_PWM_ConfigChannel
 .text.HAL_TIMEx_MasterConfigSynchronization
                0x0000000008005eb0       0xbc Drivers/STM32G4xx_HAL_Driver/stm32g4xx_hal_tim_ex.o
                0x0000000008005eb0                HAL_TIMEx_MasterConfigSynchronization
 .text.HAL_TIMEx_ConfigBreakDeadTime
                0x0000000008005f6c       0xa4 Drivers/STM32G4xx_HAL_Driver/stm32g4xx_hal_tim_ex.o
                0x0000000008005f6c                HAL_TIMEx_ConfigBreakDeadTime
 .text.HAL_TIMEx_ConfigBreakInput
                0x0000000008006010      0x114 Drivers/STM32G4xx_HAL_Driver/stm32g4xx_hal_tim_ex.o
                0x0000000008006010                HAL_TIMEx_ConfigBreakInput
 .text.UART_EndRxTransfer
                0x0000000008006124       0x6c Drivers/STM32G4xx_HAL_Driver/stm32g4xx_hal_uart.o
 .text.HAL_UART_Init
                0x0000000008006190      0x584 Drivers/STM32G4xx_HAL_Driver/stm32g4xx_hal_uart.o
                0x0000000008006190                HAL_UART_Init
 .text.HAL_UART_Transmit
                0x0000000008006714       0xe8 Drivers/STM32G4xx_HAL_Driver/stm32g4xx_hal_uart.o
                0x0000000008006714                HAL_UART_Transmit
 .text.HAL_UART_Receive
                0x00000000080067fc      0x1ec Drivers/STM32G4xx_HAL_Driver/stm32g4xx_hal_uart.o
                0x00000000080067fc                HAL_UART_Receive
 .text.HAL_UARTEx_DisableFifoMode
                0x00000000080069e8       0x3c Drivers/STM32G4xx_HAL_Driver/stm32g4xx_hal_uart_ex.o
                0x00000000080069e8                HAL_UARTEx_DisableFifoMode
 .text.HAL_UARTEx_SetTxFifoThreshold
                0x0000000008006a24       0x7c Drivers/STM32G4xx_HAL_Driver/stm32g4xx_hal_uart_ex.o
                0x0000000008006a24                HAL_UARTEx_SetTxFifoThreshold
 .text.HAL_UARTEx_SetRxFifoThreshold
                0x0000000008006aa0       0x7c Drivers/STM32G4xx_HAL_Driver/stm32g4xx_hal_uart_ex.o
                0x0000000008006aa0                HAL_UARTEx_SetRxFifoThreshold
 .text.Circle_Limitation
                0x0000000008006b1c       0x68 Middlewares/MotorControl/circle_limitation.o
                0x0000000008006b1c                Circle_Limitation
 .text.EAC_Init
                0x0000000008006b84       0x14 Middlewares/MotorControl/enc_align_ctrl.o
                0x0000000008006b84                EAC_Init
 .text.EAC_StartAlignment
                0x0000000008006b98       0x58 Middlewares/MotorControl/enc_align_ctrl.o
                0x0000000008006b98                EAC_StartAlignment
 .text.EAC_Exec
                0x0000000008006bf0       0x30 Middlewares/MotorControl/enc_align_ctrl.o
                0x0000000008006bf0                EAC_Exec
 .text.ENC_Init
                0x0000000008006c20       0x78 Middlewares/MotorControl/encoder_speed_pos_fdbk.o
                0x0000000008006c20                ENC_Init
 .text.ENC_Clear
                0x0000000008006c98       0x24 Middlewares/MotorControl/encoder_speed_pos_fdbk.o
                0x0000000008006c98                ENC_Clear
 .text.ENC_CalcAngle
                0x0000000008006cbc       0x34 Middlewares/MotorControl/encoder_speed_pos_fdbk.o
                0x0000000008006cbc                ENC_CalcAngle
 .text.ENC_CalcAvrgMecSpeedUnit
                0x0000000008006cf0      0x1b4 Middlewares/MotorControl/encoder_speed_pos_fdbk.o
                0x0000000008006cf0                ENC_CalcAvrgMecSpeedUnit
 .text.ENC_SetMecAngle
                0x0000000008006ea4       0x34 Middlewares/MotorControl/encoder_speed_pos_fdbk.o
                0x0000000008006ea4                ENC_SetMecAngle
 .text.ENC_IRQHandler
                0x0000000008006ed8       0x14 Middlewares/MotorControl/encoder_speed_pos_fdbk.o
                0x0000000008006ed8                ENC_IRQHandler
 .text.NTC_SetFaultState
                0x0000000008006eec       0x2c Middlewares/MotorControl/ntc_temperature_sensor.o
                0x0000000008006eec                NTC_SetFaultState
 .text.NTC_Init
                0x0000000008006f18       0x24 Middlewares/MotorControl/ntc_temperature_sensor.o
                0x0000000008006f18                NTC_Init
 .text.NTC_CalcAvTemp
                0x0000000008006f3c       0x30 Middlewares/MotorControl/ntc_temperature_sensor.o
                0x0000000008006f3c                NTC_CalcAvTemp
 .text.PID_HandleInit
                0x0000000008006f6c       0x10 Middlewares/MotorControl/pid_regulator.o
                0x0000000008006f6c                PID_HandleInit
 .text.PID_SetIntegralTerm
                0x0000000008006f7c        0x4 Middlewares/MotorControl/pid_regulator.o
                0x0000000008006f7c                PID_SetIntegralTerm
 .text.PI_Controller
                0x0000000008006f80       0x88 Middlewares/MotorControl/pid_regulator.o
                0x0000000008006f80                PI_Controller
 .text.PID_Controller
                0x0000000008007008       0x40 Middlewares/MotorControl/pid_regulator.o
                0x0000000008007008                PID_Controller
 .text.PQD_CalcElMotorPower
                0x0000000008007048       0x34 Middlewares/MotorControl/pqd_motor_power_measurement.o
                0x0000000008007048                PQD_CalcElMotorPower
 .text.R3_1_GetPhaseCurrents
                0x000000000800707c      0x19c Middlewares/MotorControl/r3_1_g4xx_pwm_curr_fdbk.o
                0x000000000800707c                R3_1_GetPhaseCurrents
 .text.R3_1_SetADCSampPointPolarization
                0x0000000008007218       0x44 Middlewares/MotorControl/r3_1_g4xx_pwm_curr_fdbk.o
                0x0000000008007218                R3_1_SetADCSampPointPolarization
 .text.R3_1_HFCurrentsPolarizationAB
                0x000000000800725c       0x4c Middlewares/MotorControl/r3_1_g4xx_pwm_curr_fdbk.o
 .text.R3_1_HFCurrentsPolarizationC
                0x00000000080072a8       0x48 Middlewares/MotorControl/r3_1_g4xx_pwm_curr_fdbk.o
 .text.R3_1_SwitchOnPWM
                0x00000000080072f0       0x94 Middlewares/MotorControl/r3_1_g4xx_pwm_curr_fdbk.o
                0x00000000080072f0                R3_1_SwitchOnPWM
 .text.R3_1_SwitchOffPWM
                0x0000000008007384       0x64 Middlewares/MotorControl/r3_1_g4xx_pwm_curr_fdbk.o
                0x0000000008007384                R3_1_SwitchOffPWM
 .text.R3_1_RLGetPhaseCurrents
                0x00000000080073e8       0x58 Middlewares/MotorControl/r3_1_g4xx_pwm_curr_fdbk.o
 .text.R3_1_RLSwitchOnPWM
                0x0000000008007440       0x98 Middlewares/MotorControl/r3_1_g4xx_pwm_curr_fdbk.o
 .text.R3_1_TurnOnLowSides
                0x00000000080074d8       0x4c Middlewares/MotorControl/r3_1_g4xx_pwm_curr_fdbk.o
                0x00000000080074d8                R3_1_TurnOnLowSides
 .text.R3_1_RLTurnOnLowSides
                0x0000000008007524       0x4c Middlewares/MotorControl/r3_1_g4xx_pwm_curr_fdbk.o
 .text.R3_1_Init
                0x0000000008007570      0x5d0 Middlewares/MotorControl/r3_1_g4xx_pwm_curr_fdbk.o
                0x0000000008007570                R3_1_Init
 .text.R3_1_SetOffsetCalib
                0x0000000008007b40       0x1c Middlewares/MotorControl/r3_1_g4xx_pwm_curr_fdbk.o
                0x0000000008007b40                R3_1_SetOffsetCalib
 .text.R3_1_GetOffsetCalib
                0x0000000008007b5c       0x18 Middlewares/MotorControl/r3_1_g4xx_pwm_curr_fdbk.o
                0x0000000008007b5c                R3_1_GetOffsetCalib
 .text.R3_1_CurrentReadingPolarization
                0x0000000008007b74      0x13c Middlewares/MotorControl/r3_1_g4xx_pwm_curr_fdbk.o
                0x0000000008007b74                R3_1_CurrentReadingPolarization
 .text.R3_1_SetADCSampPointSectX
                0x0000000008007cb0       0x88 Middlewares/MotorControl/r3_1_g4xx_pwm_curr_fdbk.o
                0x0000000008007cb0                R3_1_SetADCSampPointSectX
 .text.R3_1_TIMx_UP_IRQHandler
                0x0000000008007d38       0x7c Middlewares/MotorControl/r3_1_g4xx_pwm_curr_fdbk.o
                0x0000000008007d38                R3_1_TIMx_UP_IRQHandler
 .text.R3_1_RLDetectionModeEnable
                0x0000000008007db4       0xd8 Middlewares/MotorControl/r3_1_g4xx_pwm_curr_fdbk.o
                0x0000000008007db4                R3_1_RLDetectionModeEnable
 .text.R3_1_RLDetectionModeDisable
                0x0000000008007e8c      0x128 Middlewares/MotorControl/r3_1_g4xx_pwm_curr_fdbk.o
                0x0000000008007e8c                R3_1_RLDetectionModeDisable
 .text.R3_1_RLDetectionModeSetDuty
                0x0000000008007fb4       0x7c Middlewares/MotorControl/r3_1_g4xx_pwm_curr_fdbk.o
                0x0000000008007fb4                R3_1_RLDetectionModeSetDuty
 .text.R3_1_RLTurnOnLowSidesAndStart
                0x0000000008008030       0x80 Middlewares/MotorControl/r3_1_g4xx_pwm_curr_fdbk.o
                0x0000000008008030                R3_1_RLTurnOnLowSidesAndStart
 .text.RVBS_Clear
                0x00000000080080b0       0x38 Middlewares/MotorControl/r_divider_bus_voltage_sensor.o
                0x00000000080080b0                RVBS_Clear
 .text.RVBS_Init
                0x00000000080080e8        0x8 Middlewares/MotorControl/r_divider_bus_voltage_sensor.o
                0x00000000080080e8                RVBS_Init
 .text.RVBS_CheckFaultState
                0x00000000080080f0       0x60 Middlewares/MotorControl/r_divider_bus_voltage_sensor.o
                0x00000000080080f0                RVBS_CheckFaultState
 .text.RVBS_CalcAvVbus
                0x0000000008008150       0x58 Middlewares/MotorControl/r_divider_bus_voltage_sensor.o
                0x0000000008008150                RVBS_CalcAvVbus
 .text.REMNG_Init
                0x00000000080081a8       0x10 Middlewares/MotorControl/ramp_ext_mngr.o
                0x00000000080081a8                REMNG_Init
 .text.SPD_GetMecAngle
                0x00000000080081b8        0x4 Middlewares/MotorControl/speed_pos_fdbk.o
                0x00000000080081b8                SPD_GetMecAngle
 .text.SPD_GetAvrgMecSpeedUnit
                0x00000000080081bc        0x8 Middlewares/MotorControl/speed_pos_fdbk.o
                0x00000000080081bc                SPD_GetAvrgMecSpeedUnit
 .text.SPD_IsMecSpeedReliable
                0x00000000080081c4       0x60 Middlewares/MotorControl/speed_pos_fdbk.o
                0x00000000080081c4                SPD_IsMecSpeedReliable
 .text.STC_Init
                0x0000000008008224       0x28 Middlewares/MotorControl/speed_torq_ctrl.o
                0x0000000008008224                STC_Init
 .text.STC_SetSpeedSensor
                0x000000000800824c        0x4 Middlewares/MotorControl/speed_torq_ctrl.o
                0x000000000800824c                STC_SetSpeedSensor
 .text.STC_Clear
                0x0000000008008250       0x10 Middlewares/MotorControl/speed_torq_ctrl.o
                0x0000000008008250                STC_Clear
 .text.STC_SetControlMode
                0x0000000008008260        0x8 Middlewares/MotorControl/speed_torq_ctrl.o
                0x0000000008008260                STC_SetControlMode
 .text.STC_ExecRamp
                0x0000000008008268       0x8c Middlewares/MotorControl/speed_torq_ctrl.o
                0x0000000008008268                STC_ExecRamp
 .text.STC_CalcTorqueReference
                0x00000000080082f4       0x58 Middlewares/MotorControl/speed_torq_ctrl.o
                0x00000000080082f4                STC_CalcTorqueReference
 .text.STC_GetMecSpeedRefUnitDefault
                0x000000000800834c        0x8 Middlewares/MotorControl/speed_torq_ctrl.o
                0x000000000800834c                STC_GetMecSpeedRefUnitDefault
 .text.STC_GetDefaultIqdref
                0x0000000008008354       0x18 Middlewares/MotorControl/speed_torq_ctrl.o
                0x0000000008008354                STC_GetDefaultIqdref
 .text.STC_ForceSpeedReferenceToCurrentSpeed
                0x000000000800836c       0x10 Middlewares/MotorControl/speed_torq_ctrl.o
                0x000000000800836c                STC_ForceSpeedReferenceToCurrentSpeed
 .text.TC_Init  0x000000000800837c       0x48 Middlewares/MotorControl/trajectory_ctrl.o
                0x000000000800837c                TC_Init
 .text.TC_MoveCommand
                0x00000000080083c4       0xbc Middlewares/MotorControl/trajectory_ctrl.o
                0x00000000080083c4                TC_MoveCommand
 .text.TC_FollowCommand
                0x0000000008008480       0x8c Middlewares/MotorControl/trajectory_ctrl.o
                0x0000000008008480                TC_FollowCommand
 .text.TC_PositionRegulation
                0x000000000800850c      0x19c Middlewares/MotorControl/trajectory_ctrl.o
                0x000000000800850c                TC_PositionRegulation
 .text.TC_EncAlignmentCommand
                0x00000000080086a8      0x118 Middlewares/MotorControl/trajectory_ctrl.o
                0x00000000080086a8                TC_EncAlignmentCommand
 .text.TC_GetAlignmentStatus
                0x00000000080087c0        0x8 Middlewares/MotorControl/trajectory_ctrl.o
                0x00000000080087c0                TC_GetAlignmentStatus
 .text.TC_IncTick
                0x00000000080087c8        0x8 Middlewares/MotorControl/trajectory_ctrl.o
                0x00000000080087c8                TC_IncTick
 .text.VSS_Clear
                0x00000000080087d0       0x28 Middlewares/MotorControl/virtual_speed_sensor.o
                0x00000000080087d0                VSS_Clear
 .text.VSS_Init
                0x00000000080087f8        0x8 Middlewares/MotorControl/virtual_speed_sensor.o
                0x00000000080087f8                VSS_Init
 .text.VSS_SetMecAcceleration
                0x0000000008008800       0x74 Middlewares/MotorControl/virtual_speed_sensor.o
                0x0000000008008800                VSS_SetMecAcceleration
 .text.__libc_init_array
                0x0000000008008874       0x48 c:/st/stm32cubeide_1.4.0/stm32cubeide/plugins/com.st.stm32cube.ide.mcu.externaltools.gnu-tools-for-stm32.7-2018-q2-update.win32_1.4.0.202007081208/tools/bin/../lib/gcc/arm-none-eabi/7.3.1/../../../../arm-none-eabi/lib/thumb/v7e-m/fpv4-sp/hard\libc_nano.a(lib_a-init.o)
                0x0000000008008874                __libc_init_array
 .text.__itoa   0x00000000080088bc       0x30 c:/st/stm32cubeide_1.4.0/stm32cubeide/plugins/com.st.stm32cube.ide.mcu.externaltools.gnu-tools-for-stm32.7-2018-q2-update.win32_1.4.0.202007081208/tools/bin/../lib/gcc/arm-none-eabi/7.3.1/../../../../arm-none-eabi/lib/thumb/v7e-m/fpv4-sp/hard\libc_nano.a(lib_a-itoa.o)
                0x00000000080088bc                __itoa
 .text.itoa     0x00000000080088ec        0x4 c:/st/stm32cubeide_1.4.0/stm32cubeide/plugins/com.st.stm32cube.ide.mcu.externaltools.gnu-tools-for-stm32.7-2018-q2-update.win32_1.4.0.202007081208/tools/bin/../lib/gcc/arm-none-eabi/7.3.1/../../../../arm-none-eabi/lib/thumb/v7e-m/fpv4-sp/hard\libc_nano.a(lib_a-itoa.o)
                0x00000000080088ec                itoa
 .text.memcpy   0x00000000080088f0       0x16 c:/st/stm32cubeide_1.4.0/stm32cubeide/plugins/com.st.stm32cube.ide.mcu.externaltools.gnu-tools-for-stm32.7-2018-q2-update.win32_1.4.0.202007081208/tools/bin/../lib/gcc/arm-none-eabi/7.3.1/../../../../arm-none-eabi/lib/thumb/v7e-m/fpv4-sp/hard\libc_nano.a(lib_a-memcpy-stub.o)
                0x00000000080088f0                memcpy
 .text.memset   0x0000000008008906       0x10 c:/st/stm32cubeide_1.4.0/stm32cubeide/plugins/com.st.stm32cube.ide.mcu.externaltools.gnu-tools-for-stm32.7-2018-q2-update.win32_1.4.0.202007081208/tools/bin/../lib/gcc/arm-none-eabi/7.3.1/../../../../arm-none-eabi/lib/thumb/v7e-m/fpv4-sp/hard\libc_nano.a(lib_a-memset.o)
                0x0000000008008906                memset
 *fill*         0x0000000008008916        0x2 
 .text.__utoa   0x0000000008008918       0x7c c:/st/stm32cubeide_1.4.0/stm32cubeide/plugins/com.st.stm32cube.ide.mcu.externaltools.gnu-tools-for-stm32.7-2018-q2-update.win32_1.4.0.202007081208/tools/bin/../lib/gcc/arm-none-eabi/7.3.1/../../../../arm-none-eabi/lib/thumb/v7e-m/fpv4-sp/hard\libc_nano.a(lib_a-utoa.o)
                0x0000000008008918                __utoa
 *(.glue_7)
 .glue_7        0x0000000008008994        0x0 linker stubs
 *(.glue_7t)
 .glue_7t       0x0000000008008994        0x0 linker stubs
 *(.eh_frame)
 .eh_frame      0x0000000008008994        0x0 c:/st/stm32cubeide_1.4.0/stm32cubeide/plugins/com.st.stm32cube.ide.mcu.externaltools.gnu-tools-for-stm32.7-2018-q2-update.win32_1.4.0.202007081208/tools/bin/../lib/gcc/arm-none-eabi/7.3.1/thumb/v7e-m/fpv4-sp/hard/crtbegin.o
 *(.init)
 .init          0x0000000008008994        0x4 c:/st/stm32cubeide_1.4.0/stm32cubeide/plugins/com.st.stm32cube.ide.mcu.externaltools.gnu-tools-for-stm32.7-2018-q2-update.win32_1.4.0.202007081208/tools/bin/../lib/gcc/arm-none-eabi/7.3.1/thumb/v7e-m/fpv4-sp/hard/crti.o
                0x0000000008008994                _init
 .init          0x0000000008008998        0x8 c:/st/stm32cubeide_1.4.0/stm32cubeide/plugins/com.st.stm32cube.ide.mcu.externaltools.gnu-tools-for-stm32.7-2018-q2-update.win32_1.4.0.202007081208/tools/bin/../lib/gcc/arm-none-eabi/7.3.1/thumb/v7e-m/fpv4-sp/hard/crtn.o
 *(.fini)
 .fini          0x00000000080089a0        0x4 c:/st/stm32cubeide_1.4.0/stm32cubeide/plugins/com.st.stm32cube.ide.mcu.externaltools.gnu-tools-for-stm32.7-2018-q2-update.win32_1.4.0.202007081208/tools/bin/../lib/gcc/arm-none-eabi/7.3.1/thumb/v7e-m/fpv4-sp/hard/crti.o
                0x00000000080089a0                _fini
 .fini          0x00000000080089a4        0x8 c:/st/stm32cubeide_1.4.0/stm32cubeide/plugins/com.st.stm32cube.ide.mcu.externaltools.gnu-tools-for-stm32.7-2018-q2-update.win32_1.4.0.202007081208/tools/bin/../lib/gcc/arm-none-eabi/7.3.1/thumb/v7e-m/fpv4-sp/hard/crtn.o
                0x00000000080089ac                . = ALIGN (0x4)
                0x00000000080089ac                _etext = .

.vfp11_veneer   0x00000000080089ac        0x0
 .vfp11_veneer  0x00000000080089ac        0x0 linker stubs

.v4_bx          0x00000000080089ac        0x0
 .v4_bx         0x00000000080089ac        0x0 linker stubs

.iplt           0x00000000080089ac        0x0
 .iplt          0x00000000080089ac        0x0 c:/st/stm32cubeide_1.4.0/stm32cubeide/plugins/com.st.stm32cube.ide.mcu.externaltools.gnu-tools-for-stm32.7-2018-q2-update.win32_1.4.0.202007081208/tools/bin/../lib/gcc/arm-none-eabi/7.3.1/thumb/v7e-m/fpv4-sp/hard/crtbegin.o

.rodata         0x00000000080089ac      0x21c
                0x00000000080089ac                . = ALIGN (0x4)
 *(.rodata)
 *(.rodata*)
 .rodata.CmdTable
                0x00000000080089ac       0x50 Application/User/MotorCmds.o
 .rodata.str1.4
                0x00000000080089fc       0xc1 Application/User/MotorCmds.o
 *fill*         0x0000000008008abd        0x3 
 .rodata.ftoa.str1.4
                0x0000000008008ac0        0x3 Application/User/main.o
 *fill*         0x0000000008008ac3        0x1 
 .rodata.main.str1.4
                0x0000000008008ac4       0x1c Application/User/main.o
                                         0x1b (size before relaxing)
 .rodata.R3_1_ParamsM1
                0x0000000008008ae0       0x6c Application/User/mc_parameters.o
                0x0000000008008ae0                R3_1_ParamsM1
 .rodata.AHBPrescTable
                0x0000000008008b4c       0x10 Drivers/CMSIS/system_stm32g4xx.o
                0x0000000008008b4c                AHBPrescTable
 .rodata.APBPrescTable
                0x0000000008008b5c        0x8 Drivers/CMSIS/system_stm32g4xx.o
                0x0000000008008b5c                APBPrescTable
 .rodata.CSWTCH.60
                0x0000000008008b64        0x4 Drivers/STM32G4xx_HAL_Driver/stm32g4xx_hal_uart.o
 .rodata.CSWTCH.61
                0x0000000008008b68        0xd Drivers/STM32G4xx_HAL_Driver/stm32g4xx_hal_uart.o
 *fill*         0x0000000008008b75        0x3 
 .rodata.UARTPrescTable
                0x0000000008008b78       0x18 Drivers/STM32G4xx_HAL_Driver/stm32g4xx_hal_uart.o
                0x0000000008008b78                UARTPrescTable
 .rodata.denominator.9738
                0x0000000008008b90        0x8 Drivers/STM32G4xx_HAL_Driver/stm32g4xx_hal_uart_ex.o
 .rodata.numerator.9737
                0x0000000008008b98        0x8 Drivers/STM32G4xx_HAL_Driver/stm32g4xx_hal_uart_ex.o
 .rodata.__utoa.str1.1
                0x0000000008008ba0       0x25 c:/st/stm32cubeide_1.4.0/stm32cubeide/plugins/com.st.stm32cube.ide.mcu.externaltools.gnu-tools-for-stm32.7-2018-q2-update.win32_1.4.0.202007081208/tools/bin/../lib/gcc/arm-none-eabi/7.3.1/../../../../arm-none-eabi/lib/thumb/v7e-m/fpv4-sp/hard\libc_nano.a(lib_a-utoa.o)
                0x0000000008008bc8                . = ALIGN (0x4)
 *fill*         0x0000000008008bc5        0x3 

.ARM.extab      0x0000000008008bc8        0x0
                0x0000000008008bc8                . = ALIGN (0x4)
 *(.ARM.extab* .gnu.linkonce.armextab.*)
                0x0000000008008bc8                . = ALIGN (0x4)

.ARM            0x0000000008008bc8        0x8
                0x0000000008008bc8                . = ALIGN (0x4)
                0x0000000008008bc8                __exidx_start = .
 *(.ARM.exidx*)
 .ARM.exidx     0x0000000008008bc8        0x8 c:/st/stm32cubeide_1.4.0/stm32cubeide/plugins/com.st.stm32cube.ide.mcu.externaltools.gnu-tools-for-stm32.7-2018-q2-update.win32_1.4.0.202007081208/tools/bin/../lib/gcc/arm-none-eabi/7.3.1/thumb/v7e-m/fpv4-sp/hard\libgcc.a(_udivmoddi4.o)
                0x0000000008008bd0                __exidx_end = .
                0x0000000008008bd0                . = ALIGN (0x4)

.rel.dyn        0x0000000008008bd0        0x0
 .rel.iplt      0x0000000008008bd0        0x0 c:/st/stm32cubeide_1.4.0/stm32cubeide/plugins/com.st.stm32cube.ide.mcu.externaltools.gnu-tools-for-stm32.7-2018-q2-update.win32_1.4.0.202007081208/tools/bin/../lib/gcc/arm-none-eabi/7.3.1/thumb/v7e-m/fpv4-sp/hard/crtbegin.o

.preinit_array  0x0000000008008bd0        0x0
                0x0000000008008bd0                . = ALIGN (0x4)
                0x0000000008008bd0                PROVIDE (__preinit_array_start = .)
 *(.preinit_array*)
                0x0000000008008bd0                PROVIDE (__preinit_array_end = .)
                0x0000000008008bd0                . = ALIGN (0x4)

.init_array     0x0000000008008bd0        0x4
                0x0000000008008bd0                . = ALIGN (0x4)
                0x0000000008008bd0                PROVIDE (__init_array_start = .)
 *(SORT_BY_NAME(.init_array.*))
 *(.init_array*)
 .init_array    0x0000000008008bd0        0x4 c:/st/stm32cubeide_1.4.0/stm32cubeide/plugins/com.st.stm32cube.ide.mcu.externaltools.gnu-tools-for-stm32.7-2018-q2-update.win32_1.4.0.202007081208/tools/bin/../lib/gcc/arm-none-eabi/7.3.1/thumb/v7e-m/fpv4-sp/hard/crtbegin.o
                0x0000000008008bd4                PROVIDE (__init_array_end = .)
                0x0000000008008bd4                . = ALIGN (0x4)

.fini_array     0x0000000008008bd4        0x4
                0x0000000008008bd4                . = ALIGN (0x4)
                [!provide]                        PROVIDE (__fini_array_start = .)
 *(SORT_BY_NAME(.fini_array.*))
 *(.fini_array*)
 .fini_array    0x0000000008008bd4        0x4 c:/st/stm32cubeide_1.4.0/stm32cubeide/plugins/com.st.stm32cube.ide.mcu.externaltools.gnu-tools-for-stm32.7-2018-q2-update.win32_1.4.0.202007081208/tools/bin/../lib/gcc/arm-none-eabi/7.3.1/thumb/v7e-m/fpv4-sp/hard/crtbegin.o
                [!provide]                        PROVIDE (__fini_array_end = .)
                0x0000000008008bd8                . = ALIGN (0x4)
                0x0000000008008bd8                _sidata = LOADADDR (.data)

.data           0x0000000020000000      0x3e4 load address 0x0000000008008bd8
                0x0000000020000000                . = ALIGN (0x4)
                0x0000000020000000                _sdata = .
 *(.data)
 *(.data*)
 .data.Error_msg
                0x0000000020000000       0x34 Application/User/MotorCmds.o
                0x0000000020000000                Error_msg
 .data.CircleLimitationM1
                0x0000000020000034        0x4 Application/User/mc_config.o
                0x0000000020000034                CircleLimitationM1
 .data.Mci      0x0000000020000038       0x2c Application/User/mc_config.o
                0x0000000020000038                Mci
 .data.PIDIdHandle_M1
                0x0000000020000064       0x2c Application/User/mc_config.o
                0x0000000020000064                PIDIdHandle_M1
 .data.PIDIqHandle_M1
                0x0000000020000090       0x2c Application/User/mc_config.o
                0x0000000020000090                PIDIqHandle_M1
 .data.PIDSpeedHandle_M1
                0x00000000200000bc       0x2c Application/User/mc_config.o
                0x00000000200000bc                PIDSpeedHandle_M1
 .data.PID_PosParamsM1
                0x00000000200000e8       0x2c Application/User/mc_config.o
                0x00000000200000e8                PID_PosParamsM1
 .data.PQD_MotorPowMeasM1
                0x0000000020000114       0x10 Application/User/mc_config.o
                0x0000000020000114                PQD_MotorPowMeasM1
 .data.PWM_Handle_M1
                0x0000000020000124       0xa4 Application/User/mc_config.o
                0x0000000020000124                PWM_Handle_M1
 .data.PosCtrlM1
                0x00000000200001c8       0x70 Application/User/mc_config.o
                0x00000000200001c8                PosCtrlM1
 .data.RampExtMngrHFParamsM1
                0x0000000020000238       0x18 Application/User/mc_config.o
                0x0000000020000238                RampExtMngrHFParamsM1
 .data.SpeednTorqCtrlM1
                0x0000000020000250       0x34 Application/User/mc_config.o
                0x0000000020000250                SpeednTorqCtrlM1
 .data.pMPM     0x0000000020000284        0x4 Application/User/mc_config.o
                0x0000000020000284                pMPM
 .data.pPIDId   0x0000000020000288        0x4 Application/User/mc_config.o
                0x0000000020000288                pPIDId
 .data.pPIDIq   0x000000002000028c        0x4 Application/User/mc_config.o
                0x000000002000028c                pPIDIq
 .data.pPosCtrl
                0x0000000020000290        0x4 Application/User/mc_config.o
                0x0000000020000290                pPosCtrl
 .data.pSTC     0x0000000020000294        0x4 Application/User/mc_config.o
                0x0000000020000294                pSTC
 .data.BusVoltageSensor_M1
                0x0000000020000298       0x1c Application/User/mc_config_common.o
                0x0000000020000298                BusVoltageSensor_M1
 .data.ENCODER_M1
                0x00000000200002b4       0x80 Application/User/mc_config_common.o
                0x00000000200002b4                ENCODER_M1
 .data.EncAlignCtrlM1
                0x0000000020000334       0x1c Application/User/mc_config_common.o
                0x0000000020000334                EncAlignCtrlM1
 .data.TempRegConv_M1
                0x0000000020000350       0x10 Application/User/mc_config_common.o
                0x0000000020000350                TempRegConv_M1
 .data.TempSensor_M1
                0x0000000020000360       0x1c Application/User/mc_config_common.o
                0x0000000020000360                TempSensor_M1
 .data.VbusRegConv_M1
                0x000000002000037c       0x10 Application/User/mc_config_common.o
                0x000000002000037c                VbusRegConv_M1
 .data.VirtualSpeedSensorM1
                0x000000002000038c       0x38 Application/User/mc_config_common.o
                0x000000002000038c                VirtualSpeedSensorM1
 .data.scaleParams_M1
                0x00000000200003c4       0x10 Application/User/mc_parameters.o
                0x00000000200003c4                scaleParams_M1
 .data.SystickDividerCounter.15615
                0x00000000200003d4        0x1 Application/User/stm32_mc_common_it.o
 *fill*         0x00000000200003d5        0x3 
 .data.SystemCoreClock
                0x00000000200003d8        0x4 Drivers/CMSIS/system_stm32g4xx.o
                0x00000000200003d8                SystemCoreClock
 .data.uwTickFreq
                0x00000000200003dc        0x4 Drivers/STM32G4xx_HAL_Driver/stm32g4xx_hal.o
                0x00000000200003dc                uwTickFreq
 .data.uwTickPrio
                0x00000000200003e0        0x4 Drivers/STM32G4xx_HAL_Driver/stm32g4xx_hal.o
                0x00000000200003e0                uwTickPrio
 *(.RamFunc)
 *(.RamFunc*)
                0x00000000200003e4                . = ALIGN (0x4)
                0x00000000200003e4                _edata = .

.igot.plt       0x00000000200003e4        0x0 load address 0x0000000008008fbc
 .igot.plt      0x00000000200003e4        0x0 c:/st/stm32cubeide_1.4.0/stm32cubeide/plugins/com.st.stm32cube.ide.mcu.externaltools.gnu-tools-for-stm32.7-2018-q2-update.win32_1.4.0.202007081208/tools/bin/../lib/gcc/arm-none-eabi/7.3.1/thumb/v7e-m/fpv4-sp/hard/crtbegin.o
                0x00000000200003e4                . = ALIGN (0x4)

.bss            0x00000000200003e4      0x294 load address 0x0000000008008fbc
                0x00000000200003e4                _sbss = .
                0x00000000200003e4                __bss_start__ = _sbss
 *(.bss)
 .bss           0x00000000200003e4       0x1c c:/st/stm32cubeide_1.4.0/stm32cubeide/plugins/com.st.stm32cube.ide.mcu.externaltools.gnu-tools-for-stm32.7-2018-q2-update.win32_1.4.0.202007081208/tools/bin/../lib/gcc/arm-none-eabi/7.3.1/thumb/v7e-m/fpv4-sp/hard/crtbegin.o
 *(.bss*)
 .bss.RealBusVoltageSensorFilterBufferM1
                0x0000000020000400        0xc Application/User/mc_config_common.o
 .bss.bMCBootCompleted
                0x000000002000040c        0x1 Application/User/mc_tasks.o
 *fill*         0x000000002000040d        0x1 
 .bss.hBootCapDelayCounterM1
                0x000000002000040e        0x2 Application/User/mc_tasks.o
 .bss.hMFTaskCounterM1
                0x0000000020000410        0x2 Application/User/mc_tasks.o
 .bss.hStopPermanencyCounterM1
                0x0000000020000412        0x2 Application/User/mc_tasks.o
 .bss.RCM_CB_array
                0x0000000020000414       0x20 Application/User/regular_conversion_manager.o
 .bss.RCM_NoInj_array
                0x0000000020000434       0x18 Application/User/regular_conversion_manager.o
 .bss.RCM_UserConvHandle
                0x000000002000044c        0x4 Application/User/regular_conversion_manager.o
 .bss.RCM_UserConvState
                0x0000000020000450        0x1 Application/User/regular_conversion_manager.o
 *fill*         0x0000000020000451        0x1 
 .bss.RCM_UserConvValue
                0x0000000020000452        0x2 Application/User/regular_conversion_manager.o
 .bss.RCM_currentHandle
                0x0000000020000454        0x1 Application/User/regular_conversion_manager.o
 *fill*         0x0000000020000455        0x3 
 .bss.RCM_handle_array
                0x0000000020000458       0x10 Application/User/regular_conversion_manager.o
 *(COMMON)
 COMMON         0x0000000020000468       0x14 Application/User/MotorParams.o
                0x0000000020000468                Motor
                0x0000000020000478                sendSpeed
 COMMON         0x000000002000047c      0x1c0 Application/User/main.o
                0x000000002000047c                huart_MD
                0x0000000020000510                hadc1
                0x000000002000057c                hcordic
                0x00000000200005a4                htim1
                0x00000000200005f0                htim2
 COMMON         0x000000002000063c       0x2c Application/User/mc_config.o
                0x000000002000063c                FOCVars
                0x0000000020000664                pREMNG
 COMMON         0x0000000020000668        0x8 Application/User/mc_config_common.o
                0x0000000020000668                pwmcHandle
                0x000000002000066c                pEAC
 COMMON         0x0000000020000670        0x4 Application/User/motorcontrol.o
                0x0000000020000670                pMCI
 COMMON         0x0000000020000674        0x4 Drivers/STM32G4xx_HAL_Driver/stm32g4xx_hal.o
                0x0000000020000674                uwTick
                0x0000000020000678                . = ALIGN (0x4)
                0x0000000020000678                _ebss = .
                0x0000000020000678                __bss_end__ = _ebss

._user_heap_stack
                0x0000000020000678      0x600 load address 0x0000000008008fbc
                0x0000000020000678                . = ALIGN (0x8)
                [!provide]                        PROVIDE (end = .)
                0x0000000020000678                PROVIDE (_end = .)
                0x0000000020000878                . = (. + _Min_Heap_Size)
 *fill*         0x0000000020000678      0x200 
                0x0000000020000c78                . = (. + _Min_Stack_Size)
 *fill*         0x0000000020000878      0x400 
                0x0000000020000c78                . = ALIGN (0x8)

/DISCARD/
 libc.a(*)
 libm.a(*)
 libgcc.a(*)

.ARM.attributes
                0x0000000000000000       0x30
 *(.ARM.attributes)
 .ARM.attributes
                0x0000000000000000       0x22 c:/st/stm32cubeide_1.4.0/stm32cubeide/plugins/com.st.stm32cube.ide.mcu.externaltools.gnu-tools-for-stm32.7-2018-q2-update.win32_1.4.0.202007081208/tools/bin/../lib/gcc/arm-none-eabi/7.3.1/thumb/v7e-m/fpv4-sp/hard/crti.o
 .ARM.attributes
                0x0000000000000022       0x34 c:/st/stm32cubeide_1.4.0/stm32cubeide/plugins/com.st.stm32cube.ide.mcu.externaltools.gnu-tools-for-stm32.7-2018-q2-update.win32_1.4.0.202007081208/tools/bin/../lib/gcc/arm-none-eabi/7.3.1/thumb/v7e-m/fpv4-sp/hard/crtbegin.o
 .ARM.attributes
                0x0000000000000056       0x21 Application/Startup/startup_stm32g474retx.o
 .ARM.attributes
                0x0000000000000077       0x35 Application/User/MotorCmds.o
 .ARM.attributes
                0x00000000000000ac       0x35 Application/User/MotorParams.o
 .ARM.attributes
                0x00000000000000e1       0x35 Application/User/main.o
 .ARM.attributes
                0x0000000000000116       0x35 Application/User/mc_api.o
 .ARM.attributes
                0x000000000000014b       0x35 Application/User/mc_app_hooks.o
 .ARM.attributes
                0x0000000000000180       0x35 Application/User/mc_config.o
 .ARM.attributes
                0x00000000000001b5       0x35 Application/User/mc_config_common.o
 .ARM.attributes
                0x00000000000001ea       0x35 Application/User/mc_interface.o
 .ARM.attributes
                0x000000000000021f       0x35 Application/User/mc_math.o
 .ARM.attributes
                0x0000000000000254       0x35 Application/User/mc_parameters.o
 .ARM.attributes
                0x0000000000000289       0x35 Application/User/mc_tasks.o
 .ARM.attributes
                0x00000000000002be       0x35 Application/User/mc_tasks_foc.o
 .ARM.attributes
                0x00000000000002f3       0x35 Application/User/motorcontrol.o
 .ARM.attributes
                0x0000000000000328       0x35 Application/User/pwm_common.o
 .ARM.attributes
                0x000000000000035d       0x35 Application/User/pwm_curr_fdbk.o
 .ARM.attributes
                0x0000000000000392       0x35 Application/User/regular_conversion_manager.o
 .ARM.attributes
                0x00000000000003c7       0x35 Application/User/stm32_mc_common_it.o
 .ARM.attributes
                0x00000000000003fc       0x35 Application/User/stm32g4xx_hal_msp.o
 .ARM.attributes
                0x0000000000000431       0x35 Application/User/stm32g4xx_mc_it.o
 .ARM.attributes
                0x0000000000000466       0x35 Drivers/CMSIS/system_stm32g4xx.o
 .ARM.attributes
                0x000000000000049b       0x35 Drivers/STM32G4xx_HAL_Driver/stm32g4xx_hal.o
 .ARM.attributes
                0x00000000000004d0       0x35 Drivers/STM32G4xx_HAL_Driver/stm32g4xx_hal_adc.o
 .ARM.attributes
                0x0000000000000505       0x35 Drivers/STM32G4xx_HAL_Driver/stm32g4xx_hal_adc_ex.o
 .ARM.attributes
                0x000000000000053a       0x35 Drivers/STM32G4xx_HAL_Driver/stm32g4xx_hal_cordic.o
 .ARM.attributes
                0x000000000000056f       0x35 Drivers/STM32G4xx_HAL_Driver/stm32g4xx_hal_cortex.o
 .ARM.attributes
                0x00000000000005a4       0x35 Drivers/STM32G4xx_HAL_Driver/stm32g4xx_hal_gpio.o
 .ARM.attributes
                0x00000000000005d9       0x35 Drivers/STM32G4xx_HAL_Driver/stm32g4xx_hal_pwr_ex.o
 .ARM.attributes
                0x000000000000060e       0x35 Drivers/STM32G4xx_HAL_Driver/stm32g4xx_hal_rcc.o
 .ARM.attributes
                0x0000000000000643       0x35 Drivers/STM32G4xx_HAL_Driver/stm32g4xx_hal_rcc_ex.o
 .ARM.attributes
                0x0000000000000678       0x35 Drivers/STM32G4xx_HAL_Driver/stm32g4xx_hal_tim.o
 .ARM.attributes
                0x00000000000006ad       0x35 Drivers/STM32G4xx_HAL_Driver/stm32g4xx_hal_tim_ex.o
 .ARM.attributes
                0x00000000000006e2       0x35 Drivers/STM32G4xx_HAL_Driver/stm32g4xx_hal_uart.o
 .ARM.attributes
                0x0000000000000717       0x35 Drivers/STM32G4xx_HAL_Driver/stm32g4xx_hal_uart_ex.o
 .ARM.attributes
                0x000000000000074c       0x35 Middlewares/MotorControl/circle_limitation.o
 .ARM.attributes
                0x0000000000000781       0x35 Middlewares/MotorControl/enc_align_ctrl.o
 .ARM.attributes
                0x00000000000007b6       0x35 Middlewares/MotorControl/encoder_speed_pos_fdbk.o
 .ARM.attributes
                0x00000000000007eb       0x35 Middlewares/MotorControl/ntc_temperature_sensor.o
 .ARM.attributes
                0x0000000000000820       0x35 Middlewares/MotorControl/pid_regulator.o
 .ARM.attributes
                0x0000000000000855       0x35 Middlewares/MotorControl/pqd_motor_power_measurement.o
 .ARM.attributes
                0x000000000000088a       0x35 Middlewares/MotorControl/r3_1_g4xx_pwm_curr_fdbk.o
 .ARM.attributes
                0x00000000000008bf       0x35 Middlewares/MotorControl/r_divider_bus_voltage_sensor.o
 .ARM.attributes
                0x00000000000008f4       0x35 Middlewares/MotorControl/ramp_ext_mngr.o
 .ARM.attributes
                0x0000000000000929       0x35 Middlewares/MotorControl/speed_pos_fdbk.o
 .ARM.attributes
                0x000000000000095e       0x35 Middlewares/MotorControl/speed_torq_ctrl.o
 .ARM.attributes
                0x0000000000000993       0x35 Middlewares/MotorControl/trajectory_ctrl.o
 .ARM.attributes
                0x00000000000009c8       0x35 Middlewares/MotorControl/virtual_speed_sensor.o
 .ARM.attributes
                0x00000000000009fd       0x34 c:/st/stm32cubeide_1.4.0/stm32cubeide/plugins/com.st.stm32cube.ide.mcu.externaltools.gnu-tools-for-stm32.7-2018-q2-update.win32_1.4.0.202007081208/tools/bin/../lib/gcc/arm-none-eabi/7.3.1/../../../../arm-none-eabi/lib/thumb/v7e-m/fpv4-sp/hard\libc_nano.a(lib_a-init.o)
 .ARM.attributes
                0x0000000000000a31       0x34 c:/st/stm32cubeide_1.4.0/stm32cubeide/plugins/com.st.stm32cube.ide.mcu.externaltools.gnu-tools-for-stm32.7-2018-q2-update.win32_1.4.0.202007081208/tools/bin/../lib/gcc/arm-none-eabi/7.3.1/../../../../arm-none-eabi/lib/thumb/v7e-m/fpv4-sp/hard\libc_nano.a(lib_a-itoa.o)
 .ARM.attributes
                0x0000000000000a65       0x34 c:/st/stm32cubeide_1.4.0/stm32cubeide/plugins/com.st.stm32cube.ide.mcu.externaltools.gnu-tools-for-stm32.7-2018-q2-update.win32_1.4.0.202007081208/tools/bin/../lib/gcc/arm-none-eabi/7.3.1/../../../../arm-none-eabi/lib/thumb/v7e-m/fpv4-sp/hard\libc_nano.a(lib_a-memcpy-stub.o)
 .ARM.attributes
                0x0000000000000a99       0x34 c:/st/stm32cubeide_1.4.0/stm32cubeide/plugins/com.st.stm32cube.ide.mcu.externaltools.gnu-tools-for-stm32.7-2018-q2-update.win32_1.4.0.202007081208/tools/bin/../lib/gcc/arm-none-eabi/7.3.1/../../../../arm-none-eabi/lib/thumb/v7e-m/fpv4-sp/hard\libc_nano.a(lib_a-memset.o)
 .ARM.attributes
                0x0000000000000acd       0x1b c:/st/stm32cubeide_1.4.0/stm32cubeide/plugins/com.st.stm32cube.ide.mcu.externaltools.gnu-tools-for-stm32.7-2018-q2-update.win32_1.4.0.202007081208/tools/bin/../lib/gcc/arm-none-eabi/7.3.1/../../../../arm-none-eabi/lib/thumb/v7e-m/fpv4-sp/hard\libc_nano.a(lib_a-strlen.o)
 .ARM.attributes
                0x0000000000000ae8       0x34 c:/st/stm32cubeide_1.4.0/stm32cubeide/plugins/com.st.stm32cube.ide.mcu.externaltools.gnu-tools-for-stm32.7-2018-q2-update.win32_1.4.0.202007081208/tools/bin/../lib/gcc/arm-none-eabi/7.3.1/../../../../arm-none-eabi/lib/thumb/v7e-m/fpv4-sp/hard\libc_nano.a(lib_a-utoa.o)
 .ARM.attributes
                0x0000000000000b1c       0x22 c:/st/stm32cubeide_1.4.0/stm32cubeide/plugins/com.st.stm32cube.ide.mcu.externaltools.gnu-tools-for-stm32.7-2018-q2-update.win32_1.4.0.202007081208/tools/bin/../lib/gcc/arm-none-eabi/7.3.1/thumb/v7e-m/fpv4-sp/hard\libgcc.a(_arm_addsubdf3.o)
 .ARM.attributes
                0x0000000000000b3e       0x22 c:/st/stm32cubeide_1.4.0/stm32cubeide/plugins/com.st.stm32cube.ide.mcu.externaltools.gnu-tools-for-stm32.7-2018-q2-update.win32_1.4.0.202007081208/tools/bin/../lib/gcc/arm-none-eabi/7.3.1/thumb/v7e-m/fpv4-sp/hard\libgcc.a(_arm_muldivdf3.o)
 .ARM.attributes
                0x0000000000000b60       0x22 c:/st/stm32cubeide_1.4.0/stm32cubeide/plugins/com.st.stm32cube.ide.mcu.externaltools.gnu-tools-for-stm32.7-2018-q2-update.win32_1.4.0.202007081208/tools/bin/../lib/gcc/arm-none-eabi/7.3.1/thumb/v7e-m/fpv4-sp/hard\libgcc.a(_arm_truncdfsf2.o)
 .ARM.attributes
                0x0000000000000b82       0x22 c:/st/stm32cubeide_1.4.0/stm32cubeide/plugins/com.st.stm32cube.ide.mcu.externaltools.gnu-tools-for-stm32.7-2018-q2-update.win32_1.4.0.202007081208/tools/bin/../lib/gcc/arm-none-eabi/7.3.1/thumb/v7e-m/fpv4-sp/hard\libgcc.a(_aeabi_uldivmod.o)
 .ARM.attributes
                0x0000000000000ba4       0x34 c:/st/stm32cubeide_1.4.0/stm32cubeide/plugins/com.st.stm32cube.ide.mcu.externaltools.gnu-tools-for-stm32.7-2018-q2-update.win32_1.4.0.202007081208/tools/bin/../lib/gcc/arm-none-eabi/7.3.1/thumb/v7e-m/fpv4-sp/hard\libgcc.a(_udivmoddi4.o)
 .ARM.attributes
                0x0000000000000bd8       0x22 c:/st/stm32cubeide_1.4.0/stm32cubeide/plugins/com.st.stm32cube.ide.mcu.externaltools.gnu-tools-for-stm32.7-2018-q2-update.win32_1.4.0.202007081208/tools/bin/../lib/gcc/arm-none-eabi/7.3.1/thumb/v7e-m/fpv4-sp/hard\libgcc.a(_dvmd_tls.o)
 .ARM.attributes
                0x0000000000000bfa       0x22 c:/st/stm32cubeide_1.4.0/stm32cubeide/plugins/com.st.stm32cube.ide.mcu.externaltools.gnu-tools-for-stm32.7-2018-q2-update.win32_1.4.0.202007081208/tools/bin/../lib/gcc/arm-none-eabi/7.3.1/thumb/v7e-m/fpv4-sp/hard/crtn.o
OUTPUT(TCM PI Tuning.elf elf32-littlearm)

.debug_line     0x0000000000000000    0x2a45e
 .debug_line    0x0000000000000000       0x90 Application/Startup/startup_stm32g474retx.o
 .debug_line    0x0000000000000090     0x12a9 Application/User/MotorCmds.o
 .debug_line    0x0000000000001339     0x101f Application/User/MotorParams.o
 .debug_line    0x0000000000002358     0x11c0 Application/User/main.o
 .debug_line    0x0000000000003518      0xf25 Application/User/mc_api.o
 .debug_line    0x000000000000443d      0x8ea Application/User/mc_app_hooks.o
 .debug_line    0x0000000000004d27      0xc31 Application/User/mc_config.o
 .debug_line    0x0000000000005958      0xc38 Application/User/mc_config_common.o
 .debug_line    0x0000000000006590     0x1257 Application/User/mc_interface.o
 .debug_line    0x00000000000077e7      0x9c2 Application/User/mc_math.o
 .debug_line    0x00000000000081a9      0xc22 Application/User/mc_parameters.o
 .debug_line    0x0000000000008dcb      0xe18 Application/User/mc_tasks.o
 .debug_line    0x0000000000009be3      0xe6d Application/User/mc_tasks_foc.o
 .debug_line    0x000000000000aa50      0xc56 Application/User/motorcontrol.o
 .debug_line    0x000000000000b6a6      0x9c7 Application/User/pwm_common.o
 .debug_line    0x000000000000c06d      0xcae Application/User/pwm_curr_fdbk.o
 .debug_line    0x000000000000cd1b     0x1054 Application/User/regular_conversion_manager.o
 .debug_line    0x000000000000dd6f      0xcda Application/User/stm32_mc_common_it.o
 .debug_line    0x000000000000ea49      0xe1d Application/User/stm32g4xx_hal_msp.o
 .debug_line    0x000000000000f866      0xcb3 Application/User/stm32g4xx_mc_it.o
 .debug_line    0x0000000000010519      0x7c6 Drivers/CMSIS/system_stm32g4xx.o
 .debug_line    0x0000000000010cdf      0xa86 Drivers/STM32G4xx_HAL_Driver/stm32g4xx_hal.o
 .debug_line    0x0000000000011765     0x1b37 Drivers/STM32G4xx_HAL_Driver/stm32g4xx_hal_adc.o
 .debug_line    0x000000000001329c     0x156c Drivers/STM32G4xx_HAL_Driver/stm32g4xx_hal_adc_ex.o
 .debug_line    0x0000000000014808      0xaea Drivers/STM32G4xx_HAL_Driver/stm32g4xx_hal_cordic.o
 .debug_line    0x00000000000152f2      0xa54 Drivers/STM32G4xx_HAL_Driver/stm32g4xx_hal_cortex.o
 .debug_line    0x0000000000015d46      0x965 Drivers/STM32G4xx_HAL_Driver/stm32g4xx_hal_gpio.o
 .debug_line    0x00000000000166ab      0xbed Drivers/STM32G4xx_HAL_Driver/stm32g4xx_hal_pwr_ex.o
 .debug_line    0x0000000000017298      0xbd1 Drivers/STM32G4xx_HAL_Driver/stm32g4xx_hal_rcc.o
 .debug_line    0x0000000000017e69      0xcbc Drivers/STM32G4xx_HAL_Driver/stm32g4xx_hal_rcc_ex.o
 .debug_line    0x0000000000018b25     0x2ec6 Drivers/STM32G4xx_HAL_Driver/stm32g4xx_hal_tim.o
 .debug_line    0x000000000001b9eb     0x1631 Drivers/STM32G4xx_HAL_Driver/stm32g4xx_hal_tim_ex.o
 .debug_line    0x000000000001d01c     0x312d Drivers/STM32G4xx_HAL_Driver/stm32g4xx_hal_uart.o
 .debug_line    0x0000000000020149      0xcf7 Drivers/STM32G4xx_HAL_Driver/stm32g4xx_hal_uart_ex.o
 .debug_line    0x0000000000020e40      0x998 Middlewares/MotorControl/circle_limitation.o
 .debug_line    0x00000000000217d8      0xa3c Middlewares/MotorControl/enc_align_ctrl.o
 .debug_line    0x0000000000022214      0xbe8 Middlewares/MotorControl/encoder_speed_pos_fdbk.o
 .debug_line    0x0000000000022dfc      0xa08 Middlewares/MotorControl/ntc_temperature_sensor.o
 .debug_line    0x0000000000023804      0xb6a Middlewares/MotorControl/pid_regulator.o
 .debug_line    0x000000000002436e      0x9c3 Middlewares/MotorControl/pqd_motor_power_measurement.o
 .debug_line    0x0000000000024d31     0x15f4 Middlewares/MotorControl/r3_1_g4xx_pwm_curr_fdbk.o
 .debug_line    0x0000000000026325      0xa62 Middlewares/MotorControl/r_divider_bus_voltage_sensor.o
 .debug_line    0x0000000000026d87      0xa20 Middlewares/MotorControl/ramp_ext_mngr.o
 .debug_line    0x00000000000277a7      0x9f8 Middlewares/MotorControl/speed_pos_fdbk.o
 .debug_line    0x000000000002819f      0xaf6 Middlewares/MotorControl/speed_torq_ctrl.o
 .debug_line    0x0000000000028c95      0xcc8 Middlewares/MotorControl/trajectory_ctrl.o
 .debug_line    0x000000000002995d      0xb01 Middlewares/MotorControl/virtual_speed_sensor.o

.debug_info     0x0000000000000000    0x5681b
 .debug_info    0x0000000000000000       0x22 Application/Startup/startup_stm32g474retx.o
 .debug_info    0x0000000000000022     0x431c Application/User/MotorCmds.o
 .debug_info    0x000000000000433e     0x3128 Application/User/MotorParams.o
 .debug_info    0x0000000000007466     0x53bb Application/User/main.o
 .debug_info    0x000000000000c821     0x2e2e Application/User/mc_api.o
 .debug_info    0x000000000000f64f      0x3a8 Application/User/mc_app_hooks.o
 .debug_info    0x000000000000f9f7     0x2411 Application/User/mc_config.o
 .debug_info    0x0000000000011e08     0x23b0 Application/User/mc_config_common.o
 .debug_info    0x00000000000141b8     0x35d9 Application/User/mc_interface.o
 .debug_info    0x0000000000017791      0x856 Application/User/mc_math.o
 .debug_info    0x0000000000017fe7     0x2326 Application/User/mc_parameters.o
 .debug_info    0x000000000001a30d     0x2b08 Application/User/mc_tasks.o
 .debug_info    0x000000000001ce15     0x2d84 Application/User/mc_tasks_foc.o
 .debug_info    0x000000000001fb99     0x266c Application/User/motorcontrol.o
 .debug_info    0x0000000000022205      0xad0 Application/User/pwm_common.o
 .debug_info    0x0000000000022cd5     0x1459 Application/User/pwm_curr_fdbk.o
 .debug_info    0x000000000002412e     0x2ec5 Application/User/regular_conversion_manager.o
 .debug_info    0x0000000000026ff3     0x2620 Application/User/stm32_mc_common_it.o
 .debug_info    0x0000000000029613     0x3b46 Application/User/stm32g4xx_hal_msp.o
 .debug_info    0x000000000002d159     0x2535 Application/User/stm32g4xx_mc_it.o
 .debug_info    0x000000000002f68e      0x6f0 Drivers/CMSIS/system_stm32g4xx.o
 .debug_info    0x000000000002fd7e      0xf25 Drivers/STM32G4xx_HAL_Driver/stm32g4xx_hal.o
 .debug_info    0x0000000000030ca3     0x37e5 Drivers/STM32G4xx_HAL_Driver/stm32g4xx_hal_adc.o
 .debug_info    0x0000000000034488     0x2a37 Drivers/STM32G4xx_HAL_Driver/stm32g4xx_hal_adc_ex.o
 .debug_info    0x0000000000036ebf      0xe6c Drivers/STM32G4xx_HAL_Driver/stm32g4xx_hal_cordic.o
 .debug_info    0x0000000000037d2b     0x1159 Drivers/STM32G4xx_HAL_Driver/stm32g4xx_hal_cortex.o
 .debug_info    0x0000000000038e84      0x9ad Drivers/STM32G4xx_HAL_Driver/stm32g4xx_hal_gpio.o
 .debug_info    0x0000000000039831      0xb0e Drivers/STM32G4xx_HAL_Driver/stm32g4xx_hal_pwr_ex.o
 .debug_info    0x000000000003a33f     0x1085 Drivers/STM32G4xx_HAL_Driver/stm32g4xx_hal_rcc.o
 .debug_info    0x000000000003b3c4      0xf1a Drivers/STM32G4xx_HAL_Driver/stm32g4xx_hal_rcc_ex.o
 .debug_info    0x000000000003c2de     0x496e Drivers/STM32G4xx_HAL_Driver/stm32g4xx_hal_tim.o
 .debug_info    0x0000000000040c4c     0x234a Drivers/STM32G4xx_HAL_Driver/stm32g4xx_hal_tim_ex.o
 .debug_info    0x0000000000042f96     0x76ac Drivers/STM32G4xx_HAL_Driver/stm32g4xx_hal_uart.o
 .debug_info    0x000000000004a642     0x1368 Drivers/STM32G4xx_HAL_Driver/stm32g4xx_hal_uart_ex.o
 .debug_info    0x000000000004b9aa      0x4ea Middlewares/MotorControl/circle_limitation.o
 .debug_info    0x000000000004be94      0xc4c Middlewares/MotorControl/enc_align_ctrl.o
 .debug_info    0x000000000004cae0      0xce1 Middlewares/MotorControl/encoder_speed_pos_fdbk.o
 .debug_info    0x000000000004d7c1      0x66b Middlewares/MotorControl/ntc_temperature_sensor.o
 .debug_info    0x000000000004de2c      0xa1d Middlewares/MotorControl/pid_regulator.o
 .debug_info    0x000000000004e849      0x695 Middlewares/MotorControl/pqd_motor_power_measurement.o
 .debug_info    0x000000000004eede     0x42e8 Middlewares/MotorControl/r3_1_g4xx_pwm_curr_fdbk.o
 .debug_info    0x00000000000531c6      0x5c7 Middlewares/MotorControl/r_divider_bus_voltage_sensor.o
 .debug_info    0x000000000005378d      0x663 Middlewares/MotorControl/ramp_ext_mngr.o
 .debug_info    0x0000000000053df0      0x661 Middlewares/MotorControl/speed_pos_fdbk.o
 .debug_info    0x0000000000054451      0xa75 Middlewares/MotorControl/speed_torq_ctrl.o
 .debug_info    0x0000000000054ec6     0x10fa Middlewares/MotorControl/trajectory_ctrl.o
 .debug_info    0x0000000000055fc0      0x85b Middlewares/MotorControl/virtual_speed_sensor.o

.debug_abbrev   0x0000000000000000     0x7a52
 .debug_abbrev  0x0000000000000000       0x12 Application/Startup/startup_stm32g474retx.o
 .debug_abbrev  0x0000000000000012      0x4a5 Application/User/MotorCmds.o
 .debug_abbrev  0x00000000000004b7      0x438 Application/User/MotorParams.o
 .debug_abbrev  0x00000000000008ef      0x42d Application/User/main.o
 .debug_abbrev  0x0000000000000d1c      0x268 Application/User/mc_api.o
 .debug_abbrev  0x0000000000000f84       0xf1 Application/User/mc_app_hooks.o
 .debug_abbrev  0x0000000000001075      0x19f Application/User/mc_config.o
 .debug_abbrev  0x0000000000001214      0x1ae Application/User/mc_config_common.o
 .debug_abbrev  0x00000000000013c2      0x3c0 Application/User/mc_interface.o